Component: ARM Compiler 5.06 update 6 (build 750) Tool: armlink [4d35ed]

==============================================================================

Section Cross References

    main.o(i.CPU_CACHE_Enable) refers to main.o(i.SCB_EnableICache) for SCB_EnableICache
    main.o(i.CPU_CACHE_Enable) refers to main.o(i.SCB_EnableDCache) for SCB_EnableDCache
    main.o(i.Error_Handler) refers to stm32746g_discovery.o(i.BSP_LED_On) for BSP_LED_On
    main.o(i.Error_Handler) refers to stm32746g_discovery.o(i.BSP_LED_Toggle) for BSP_LED_Toggle
    main.o(i.Error_Handler) refers to stm32f7xx_hal.o(i.HAL_Delay) for HAL_Delay
    main.o(i.HAL_GPIO_EXTI_Callback) refers to main.o(.data) for UserButtonStatus
    main.o(i.HAL_UART_ErrorCallback) refers to main.o(i.Error_Handler) for Error_Handler
    main.o(i.HAL_UART_RxCpltCallback) refers to main.o(.data) for UartReady
    main.o(i.HAL_UART_TxCpltCallback) refers to main.o(.data) for UartReady
    main.o(i.SystemClock_Config) refers to stm32f7xx_hal_rcc.o(i.HAL_RCC_OscConfig) for HAL_RCC_OscConfig
    main.o(i.SystemClock_Config) refers to stm32f7xx_hal_pwr_ex.o(i.HAL_PWREx_EnableOverDrive) for HAL_PWREx_EnableOverDrive
    main.o(i.SystemClock_Config) refers to stm32f7xx_hal_rcc.o(i.HAL_RCC_ClockConfig) for HAL_RCC_ClockConfig
    main.o(i.main) refers to main.o(i.CPU_CACHE_Enable) for CPU_CACHE_Enable
    main.o(i.main) refers to stm32f7xx_hal.o(i.HAL_Init) for HAL_Init
    main.o(i.main) refers to main.o(i.SystemClock_Config) for SystemClock_Config
    main.o(i.main) refers to stm32746g_discovery.o(i.BSP_LED_Init) for BSP_LED_Init
    main.o(i.main) refers to stm32f7xx_hal_uart.o(i.HAL_UART_DeInit) for HAL_UART_DeInit
    main.o(i.main) refers to main.o(i.Error_Handler) for Error_Handler
    main.o(i.main) refers to stm32f7xx_hal_uart.o(i.HAL_UART_Init) for HAL_UART_Init
    main.o(i.main) refers to stm32746g_discovery.o(i.BSP_PB_Init) for BSP_PB_Init
    main.o(i.main) refers to stm32746g_discovery.o(i.BSP_LED_Toggle) for BSP_LED_Toggle
    main.o(i.main) refers to stm32f7xx_hal.o(i.HAL_Delay) for HAL_Delay
    main.o(i.main) refers to stm32746g_discovery.o(i.BSP_LED_Off) for BSP_LED_Off
    main.o(i.main) refers to stm32f7xx_hal_uart.o(i.HAL_UART_Transmit_IT) for HAL_UART_Transmit_IT
    main.o(i.main) refers to stm32f7xx_hal_uart.o(i.HAL_UART_Receive_IT) for HAL_UART_Receive_IT
    main.o(i.main) refers to main.o(i.Buffercmp) for Buffercmp
    main.o(i.main) refers to stm32746g_discovery.o(i.BSP_LED_On) for BSP_LED_On
    main.o(i.main) refers to main.o(.bss) for UartHandle
    main.o(i.main) refers to main.o(.data) for UserButtonStatus
    startup_stm32f746xx.o(RESET) refers to startup_stm32f746xx.o(STACK) for __initial_sp
    startup_stm32f746xx.o(RESET) refers to startup_stm32f746xx.o(.text) for Reset_Handler
    startup_stm32f746xx.o(RESET) refers to stm32f7xx_it.o(i.NMI_Handler) for NMI_Handler
    startup_stm32f746xx.o(RESET) refers to stm32f7xx_it.o(i.HardFault_Handler) for HardFault_Handler
    startup_stm32f746xx.o(RESET) refers to stm32f7xx_it.o(i.MemManage_Handler) for MemManage_Handler
    startup_stm32f746xx.o(RESET) refers to stm32f7xx_it.o(i.BusFault_Handler) for BusFault_Handler
    startup_stm32f746xx.o(RESET) refers to stm32f7xx_it.o(i.UsageFault_Handler) for UsageFault_Handler
    startup_stm32f746xx.o(RESET) refers to stm32f7xx_it.o(i.SVC_Handler) for SVC_Handler
    startup_stm32f746xx.o(RESET) refers to stm32f7xx_it.o(i.DebugMon_Handler) for DebugMon_Handler
    startup_stm32f746xx.o(RESET) refers to stm32f7xx_it.o(i.PendSV_Handler) for PendSV_Handler
    startup_stm32f746xx.o(RESET) refers to stm32f7xx_it.o(i.SysTick_Handler) for SysTick_Handler
    startup_stm32f746xx.o(RESET) refers to stm32f7xx_it.o(i.USART1_IRQHandler) for USART1_IRQHandler
    startup_stm32f746xx.o(RESET) refers to stm32f7xx_it.o(i.EXTI15_10_IRQHandler) for EXTI15_10_IRQHandler
    startup_stm32f746xx.o(.text) refers to system_stm32f7xx.o(i.SystemInit) for SystemInit
    startup_stm32f746xx.o(.text) refers to entry.o(.ARM.Collect$$$$00000000) for __main
    stm32f7xx_it.o(i.EXTI15_10_IRQHandler) refers to stm32f7xx_hal_gpio.o(i.HAL_GPIO_EXTI_IRQHandler) for HAL_GPIO_EXTI_IRQHandler
    stm32f7xx_it.o(i.SysTick_Handler) refers to stm32f7xx_hal.o(i.HAL_IncTick) for HAL_IncTick
    stm32f7xx_it.o(i.USART1_IRQHandler) refers to stm32f7xx_hal_uart.o(i.HAL_UART_IRQHandler) for HAL_UART_IRQHandler
    stm32f7xx_it.o(i.USART1_IRQHandler) refers to main.o(.bss) for UartHandle
    stm32f7xx_hal_msp.o(i.HAL_UART_MspDeInit) refers to stm32f7xx_hal_gpio.o(i.HAL_GPIO_DeInit) for HAL_GPIO_DeInit
    stm32f7xx_hal_msp.o(i.HAL_UART_MspDeInit) refers to stm32f7xx_hal_cortex.o(i.HAL_NVIC_DisableIRQ) for HAL_NVIC_DisableIRQ
    stm32f7xx_hal_msp.o(i.HAL_UART_MspInit) refers to stm32f7xx_hal_gpio.o(i.HAL_GPIO_Init) for HAL_GPIO_Init
    stm32f7xx_hal_msp.o(i.HAL_UART_MspInit) refers to stm32f7xx_hal_cortex.o(i.HAL_NVIC_SetPriority) for HAL_NVIC_SetPriority
[...]
    stm32f7xx_hal_i2c.o(i.I2C_ITError) refers to stm32f7xx_hal_i2c.o(i.HAL_I2C_ErrorCallback) for HAL_I2C_ErrorCallback
    stm32f7xx_hal_i2c.o(i.I2C_ITError) refers to stm32f7xx_hal_i2c.o(i.I2C_Slave_ISR_IT) for I2C_Slave_ISR_IT
    stm32f7xx_hal_i2c.o(i.I2C_ITError) refers to stm32f7xx_hal_i2c.o(i.I2C_DMAAbort) for I2C_DMAAbort
    stm32f7xx_hal_i2c.o(i.I2C_ITListenCplt) refers to stm32f7xx_hal_i2c.o(i.I2C_Disable_IRQ) for I2C_Disable_IRQ
    stm32f7xx_hal_i2c.o(i.I2C_ITListenCplt) refers to stm32f7xx_hal_i2c.o(i.HAL_I2C_ListenCpltCallback) for HAL_I2C_ListenCpltCallback
    stm32f7xx_hal_i2c.o(i.I2C_ITMasterCplt) refers to stm32f7xx_hal_i2c.o(i.I2C_Flush_TXDR) for I2C_Flush_TXDR
    stm32f7xx_hal_i2c.o(i.I2C_ITMasterCplt) refers to stm32f7xx_hal_i2c.o(i.I2C_Disable_IRQ) for I2C_Disable_IRQ
    stm32f7xx_hal_i2c.o(i.I2C_ITMasterCplt) refers to stm32f7xx_hal_i2c.o(i.I2C_ITError) for I2C_ITError
    stm32f7xx_hal_i2c.o(i.I2C_ITMasterCplt) refers to stm32f7xx_hal_i2c.o(i.HAL_I2C_MemTxCpltCallback) for HAL_I2C_MemTxCpltCallback
    stm32f7xx_hal_i2c.o(i.I2C_ITMasterCplt) refers to stm32f7xx_hal_i2c.o(i.HAL_I2C_MasterTxCpltCallback) for HAL_I2C_MasterTxCpltCallback
    stm32f7xx_hal_i2c.o(i.I2C_ITMasterCplt) refers to stm32f7xx_hal_i2c.o(i.HAL_I2C_MemRxCpltCallback) for HAL_I2C_MemRxCpltCallback
    stm32f7xx_hal_i2c.o(i.I2C_ITMasterCplt) refers to stm32f7xx_hal_i2c.o(i.HAL_I2C_MasterRxCpltCallback) for HAL_I2C_MasterRxCpltCallback
    stm32f7xx_hal_i2c.o(i.I2C_ITMasterSequentialCplt) refers to stm32f7xx_hal_i2c.o(i.I2C_Disable_IRQ) for I2C_Disable_IRQ
    stm32f7xx_hal_i2c.o(i.I2C_ITMasterSequentialCplt) refers to stm32f7xx_hal_i2c.o(i.HAL_I2C_MasterTxCpltCallback) for HAL_I2C_MasterTxCpltCallback
    stm32f7xx_hal_i2c.o(i.I2C_ITMasterSequentialCplt) refers to stm32f7xx_hal_i2c.o(i.HAL_I2C_MasterRxCpltCallback) for HAL_I2C_MasterRxCpltCallback
    stm32f7xx_hal_i2c.o(i.I2C_ITSlaveCplt) refers to stm32f7xx_hal_i2c.o(i.I2C_Disable_IRQ) for I2C_Disable_IRQ
    stm32f7xx_hal_i2c.o(i.I2C_ITSlaveCplt) refers to stm32f7xx_hal_i2c.o(i.I2C_Flush_TXDR) for I2C_Flush_TXDR
    stm32f7xx_hal_i2c.o(i.I2C_ITSlaveCplt) refers to stm32f7xx_hal_i2c.o(i.I2C_ITError) for I2C_ITError
    stm32f7xx_hal_i2c.o(i.I2C_ITSlaveCplt) refers to stm32f7xx_hal_i2c.o(i.I2C_ITListenCplt) for I2C_ITListenCplt
    stm32f7xx_hal_i2c.o(i.I2C_ITSlaveCplt) refers to stm32f7xx_hal_i2c.o(i.HAL_I2C_ListenCpltCallback) for HAL_I2C_ListenCpltCallback
    stm32f7xx_hal_i2c.o(i.I2C_ITSlaveCplt) refers to stm32f7xx_hal_i2c.o(i.HAL_I2C_SlaveRxCpltCallback) for HAL_I2C_SlaveRxCpltCallback
    stm32f7xx_hal_i2c.o(i.I2C_ITSlaveCplt) refers to stm32f7xx_hal_i2c.o(i.HAL_I2C_SlaveTxCpltCallback) for HAL_I2C_SlaveTxCpltCallback
    stm32f7xx_hal_i2c.o(i.I2C_ITSlaveSequentialCplt) refers to stm32f7xx_hal_i2c.o(i.I2C_Disable_IRQ) for I2C_Disable_IRQ
    stm32f7xx_hal_i2c.o(i.I2C_ITSlaveSequentialCplt) refers to stm32f7xx_hal_i2c.o(i.HAL_I2C_SlaveTxCpltCallback) for HAL_I2C_SlaveTxCpltCallback
    stm32f7xx_hal_i2c.o(i.I2C_ITSlaveSequentialCplt) refers to stm32f7xx_hal_i2c.o(i.HAL_I2C_SlaveRxCpltCallback) for HAL_I2C_SlaveRxCpltCallback
    stm32f7xx_hal_i2c.o(i.I2C_IsAcknowledgeFailed) refers to stm32f7xx_hal.o(i.HAL_GetTick) for HAL_GetTick
    stm32f7xx_hal_i2c.o(i.I2C_IsAcknowledgeFailed) refers to stm32f7xx_hal_i2c.o(i.I2C_Flush_TXDR) for I2C_Flush_TXDR
    stm32f7xx_hal_i2c.o(i.I2C_Master_ISR_DMA) refers to stm32f7xx_hal_i2c.o(i.I2C_Enable_IRQ) for I2C_Enable_IRQ
    stm32f7xx_hal_i2c.o(i.I2C_Master_ISR_DMA) refers to stm32f7xx_hal_i2c.o(i.I2C_Flush_TXDR) for I2C_Flush_TXDR
    stm32f7xx_hal_i2c.o(i.I2C_Master_ISR_DMA) refers to stm32f7xx_hal_i2c.o(i.I2C_TransferConfig) for I2C_TransferConfig
    stm32f7xx_hal_i2c.o(i.I2C_Master_ISR_DMA) refers to stm32f7xx_hal_i2c.o(i.I2C_ITError) for I2C_ITError
    stm32f7xx_hal_i2c.o(i.I2C_Master_ISR_DMA) refers to stm32f7xx_hal_i2c.o(i.I2C_ITMasterCplt) for I2C_ITMasterCplt
    stm32f7xx_hal_i2c.o(i.I2C_Master_ISR_IT) refers to stm32f7xx_hal_i2c.o(i.I2C_Flush_TXDR) for I2C_Flush_TXDR
    stm32f7xx_hal_i2c.o(i.I2C_Master_ISR_IT) refers to stm32f7xx_hal_i2c.o(i.I2C_TransferConfig) for I2C_TransferConfig
    stm32f7xx_hal_i2c.o(i.I2C_Master_ISR_IT) refers to stm32f7xx_hal_i2c.o(i.I2C_ITMasterSequentialCplt) for I2C_ITMasterSequentialCplt
    stm32f7xx_hal_i2c.o(i.I2C_Master_ISR_IT) refers to stm32f7xx_hal_i2c.o(i.I2C_ITError) for I2C_ITError
    stm32f7xx_hal_i2c.o(i.I2C_Master_ISR_IT) refers to stm32f7xx_hal_i2c.o(i.I2C_ITMasterCplt) for I2C_ITMasterCplt
    stm32f7xx_hal_i2c.o(i.I2C_RequestMemoryRead) refers to stm32f7xx_hal_i2c.o(i.I2C_TransferConfig) for I2C_TransferConfig
    stm32f7xx_hal_i2c.o(i.I2C_RequestMemoryRead) refers to stm32f7xx_hal_i2c.o(i.I2C_WaitOnTXISFlagUntilTimeout) for I2C_WaitOnTXISFlagUntilTimeout
    stm32f7xx_hal_i2c.o(i.I2C_RequestMemoryRead) refers to stm32f7xx_hal_i2c.o(i.I2C_WaitOnFlagUntilTimeout) for I2C_WaitOnFlagUntilTimeout
    stm32f7xx_hal_i2c.o(i.I2C_RequestMemoryWrite) refers to stm32f7xx_hal_i2c.o(i.I2C_TransferConfig) for I2C_TransferConfig
    stm32f7xx_hal_i2c.o(i.I2C_RequestMemoryWrite) refers to stm32f7xx_hal_i2c.o(i.I2C_WaitOnTXISFlagUntilTimeout) for I2C_WaitOnTXISFlagUntilTimeout
    stm32f7xx_hal_i2c.o(i.I2C_RequestMemoryWrite) refers to stm32f7xx_hal_i2c.o(i.I2C_WaitOnFlagUntilTimeout) for I2C_WaitOnFlagUntilTimeout
    stm32f7xx_hal_i2c.o(i.I2C_Slave_ISR_DMA) refers to stm32f7xx_hal_i2c.o(i.I2C_ITSlaveCplt) for I2C_ITSlaveCplt
    stm32f7xx_hal_i2c.o(i.I2C_Slave_ISR_IT) refers to stm32f7xx_hal_i2c.o(i.I2C_ITListenCplt) for I2C_ITListenCplt
    stm32f7xx_hal_i2c.o(i.I2C_Slave_ISR_IT) refers to stm32f7xx_hal_i2c.o(i.I2C_Flush_TXDR) for I2C_Flush_TXDR
    stm32f7xx_hal_i2c.o(i.I2C_Slave_ISR_IT) refers to stm32f7xx_hal_i2c.o(i.I2C_ITSlaveSequentialCplt) for I2C_ITSlaveSequentialCplt
    stm32f7xx_hal_i2c.o(i.I2C_Slave_ISR_IT) refers to stm32f7xx_hal_i2c.o(i.I2C_ITAddrCplt) for I2C_ITAddrCplt
    stm32f7xx_hal_i2c.o(i.I2C_Slave_ISR_IT) refers to stm32f7xx_hal_i2c.o(i.I2C_ITSlaveCplt) for I2C_ITSlaveCplt
    stm32f7xx_hal_i2c.o(i.I2C_WaitOnFlagUntilTimeout) refers to stm32f7xx_hal.o(i.HAL_GetTick) for HAL_GetTick
    stm32f7xx_hal_i2c.o(i.I2C_WaitOnRXNEFlagUntilTimeout) refers to stm32f7xx_hal_i2c.o(i.I2C_IsAcknowledgeFailed) for I2C_IsAcknowledgeFailed
    stm32f7xx_hal_i2c.o(i.I2C_WaitOnRXNEFlagUntilTimeout) refers to stm32f7xx_hal.o(i.HAL_GetTick) for HAL_GetTick
    stm32f7xx_hal_i2c.o(i.I2C_WaitOnSTOPFlagUntilTimeout) refers to stm32f7xx_hal_i2c.o(i.I2C_IsAcknowledgeFailed) for I2C_IsAcknowledgeFailed
    stm32f7xx_hal_i2c.o(i.I2C_WaitOnSTOPFlagUntilTimeout) refers to stm32f7xx_hal.o(i.HAL_GetTick) for HAL_GetTick
    stm32f7xx_hal_i2c.o(i.I2C_WaitOnTXISFlagUntilTimeout) refers to stm32f7xx_hal_i2c.o(i.I2C_IsAcknowledgeFailed) for I2C_IsAcknowledgeFailed
    stm32f7xx_hal_i2c.o(i.I2C_WaitOnTXISFlagUntilTimeout) refers to stm32f7xx_hal.o(i.HAL_GetTick) for HAL_GetTick
    stm32f7xx_hal_pwr.o(i.HAL_PWR_PVD_IRQHandler) refers to stm32f7xx_hal_pwr.o(i.HAL_PWR_PVDCallback) for HAL_PWR_PVDCallback
    stm32f7xx_hal_pwr_ex.o(i.HAL_PWREx_ControlVoltageScaling) refers to stm32f7xx_hal.o(i.HAL_GetTick) for HAL_GetTick
    stm32f7xx_hal_pwr_ex.o(i.HAL_PWREx_DisableBkUpReg) refers to stm32f7xx_hal.o(i.HAL_GetTick) for HAL_GetTick
    stm32f7xx_hal_pwr_ex.o(i.HAL_PWREx_DisableOverDrive) refers to stm32f7xx_hal.o(i.HAL_GetTick) for HAL_GetTick
    stm32f7xx_hal_pwr_ex.o(i.HAL_PWREx_EnableBkUpReg) refers to stm32f7xx_hal.o(i.HAL_GetTick) for HAL_GetTick
    stm32f7xx_hal_pwr_ex.o(i.HAL_PWREx_EnableOverDrive) refers to stm32f7xx_hal.o(i.HAL_GetTick) for HAL_GetTick
    stm32f7xx_hal_pwr_ex.o(i.HAL_PWREx_EnterUnderDriveSTOPMode) refers to stm32f7xx_hal.o(i.HAL_GetTick) for HAL_GetTick
    stm32f7xx_hal_rcc.o(i.HAL_RCC_ClockConfig) refers to stm32f7xx_hal.o(i.HAL_GetTick) for HAL_GetTick
    stm32f7xx_hal_rcc.o(i.HAL_RCC_ClockConfig) refers to stm32f7xx_hal_rcc.o(i.HAL_RCC_GetSysClockFreq) for HAL_RCC_GetSysClockFreq
    stm32f7xx_hal_rcc.o(i.HAL_RCC_ClockConfig) refers to stm32f7xx_hal.o(i.HAL_InitTick) for HAL_InitTick
    stm32f7xx_hal_rcc.o(i.HAL_RCC_ClockConfig) refers to system_stm32f7xx.o(.constdata) for AHBPrescTable
    stm32f7xx_hal_rcc.o(i.HAL_RCC_ClockConfig) refers to system_stm32f7xx.o(.data) for SystemCoreClock
    stm32f7xx_hal_rcc.o(i.HAL_RCC_DeInit) refers to stm32f7xx_hal.o(i.HAL_GetTick) for HAL_GetTick
    stm32f7xx_hal_rcc.o(i.HAL_RCC_DeInit) refers to stm32f7xx_hal.o(i.HAL_InitTick) for HAL_InitTick
    stm32f7xx_hal_rcc.o(i.HAL_RCC_DeInit) refers to system_stm32f7xx.o(.data) for SystemCoreClock
    stm32f7xx_hal_rcc.o(i.HAL_RCC_GetHCLKFreq) refers to system_stm32f7xx.o(.data) for SystemCoreClock
    stm32f7xx_hal_rcc.o(i.HAL_RCC_GetPCLK1Freq) refers to stm32f7xx_hal_rcc.o(i.HAL_RCC_GetHCLKFreq) for HAL_RCC_GetHCLKFreq
    stm32f7xx_hal_rcc.o(i.HAL_RCC_GetPCLK1Freq) refers to system_stm32f7xx.o(.constdata) for APBPrescTable
    stm32f7xx_hal_rcc.o(i.HAL_RCC_GetPCLK2Freq) refers to stm32f7xx_hal_rcc.o(i.HAL_RCC_GetHCLKFreq) for HAL_RCC_GetHCLKFreq
    stm32f7xx_hal_rcc.o(i.HAL_RCC_GetPCLK2Freq) refers to system_stm32f7xx.o(.constdata) for APBPrescTable
    stm32f7xx_hal_rcc.o(i.HAL_RCC_GetSysClockFreq) refers to uldiv.o(.text) for __aeabi_uldivmod
    stm32f7xx_hal_rcc.o(i.HAL_RCC_MCOConfig) refers to stm32f7xx_hal_gpio.o(i.HAL_GPIO_Init) for HAL_GPIO_Init
    stm32f7xx_hal_rcc.o(i.HAL_RCC_NMI_IRQHandler) refers to stm32f7xx_hal_rcc.o(i.HAL_RCC_CSSCallback) for HAL_RCC_CSSCallback
    stm32f7xx_hal_rcc.o(i.HAL_RCC_OscConfig) refers to stm32f7xx_hal.o(i.HAL_GetTick) for HAL_GetTick
    system_stm32f7xx.o(i.SystemCoreClockUpdate) refers to system_stm32f7xx.o(.data) for SystemCoreClock
    system_stm32f7xx.o(i.SystemCoreClockUpdate) refers to system_stm32f7xx.o(.constdata) for AHBPrescTable
    stm32746g_discovery.o(i.AUDIO_IO_Delay) refers to stm32f7xx_hal.o(i.HAL_Delay) for HAL_Delay
    stm32746g_discovery.o(i.AUDIO_IO_Init) refers to stm32746g_discovery.o(i.I2Cx_Init) for I2Cx_Init
    stm32746g_discovery.o(i.AUDIO_IO_Init) refers to stm32746g_discovery.o(.bss) for hI2cAudioHandler
    stm32746g_discovery.o(i.AUDIO_IO_Read) refers to stm32746g_discovery.o(i.I2Cx_ReadMultiple) for I2Cx_ReadMultiple
    stm32746g_discovery.o(i.AUDIO_IO_Read) refers to stm32746g_discovery.o(.bss) for hI2cAudioHandler
    stm32746g_discovery.o(i.AUDIO_IO_Write) refers to stm32746g_discovery.o(i.I2Cx_WriteMultiple) for I2Cx_WriteMultiple
    stm32746g_discovery.o(i.AUDIO_IO_Write) refers to stm32746g_discovery.o(.bss) for hI2cAudioHandler
    stm32746g_discovery.o(i.BSP_COM_DeInit) refers to stm32f7xx_hal_uart.o(i.HAL_UART_DeInit) for HAL_UART_DeInit
    stm32746g_discovery.o(i.BSP_COM_DeInit) refers to stm32746g_discovery.o(.data) for COM_USART
    stm32746g_discovery.o(i.BSP_COM_Init) refers to stm32f7xx_hal_gpio.o(i.HAL_GPIO_Init) for HAL_GPIO_Init
    stm32746g_discovery.o(i.BSP_COM_Init) refers to stm32f7xx_hal_uart.o(i.HAL_UART_Init) for HAL_UART_Init
    stm32746g_discovery.o(i.BSP_COM_Init) refers to stm32746g_discovery.o(.constdata) for COM_TX_PIN
    stm32746g_discovery.o(i.BSP_COM_Init) refers to stm32746g_discovery.o(.data) for COM_TX_PORT
    stm32746g_discovery.o(i.BSP_LED_DeInit) refers to stm32f7xx_hal_gpio.o(i.HAL_GPIO_WritePin) for HAL_GPIO_WritePin
    stm32746g_discovery.o(i.BSP_LED_DeInit) refers to stm32f7xx_hal_gpio.o(i.HAL_GPIO_DeInit) for HAL_GPIO_DeInit
    stm32746g_discovery.o(i.BSP_LED_DeInit) refers to stm32746g_discovery.o(.constdata) for GPIO_PIN
    stm32746g_discovery.o(i.BSP_LED_Init) refers to stm32f7xx_hal_gpio.o(i.HAL_GPIO_Init) for HAL_GPIO_Init
    stm32746g_discovery.o(i.BSP_LED_Init) refers to stm32f7xx_hal_gpio.o(i.HAL_GPIO_WritePin) for HAL_GPIO_WritePin
    stm32746g_discovery.o(i.BSP_LED_Init) refers to stm32746g_discovery.o(.constdata) for GPIO_PIN
    stm32746g_discovery.o(i.BSP_LED_Off) refers to stm32f7xx_hal_gpio.o(i.HAL_GPIO_WritePin) for HAL_GPIO_WritePin
    stm32746g_discovery.o(i.BSP_LED_Off) refers to stm32746g_discovery.o(.constdata) for GPIO_PIN
    stm32746g_discovery.o(i.BSP_LED_On) refers to stm32f7xx_hal_gpio.o(i.HAL_GPIO_WritePin) for HAL_GPIO_WritePin
    stm32746g_discovery.o(i.BSP_LED_On) refers to stm32746g_discovery.o(.constdata) for GPIO_PIN
    stm32746g_discovery.o(i.BSP_LED_Toggle) refers to stm32f7xx_hal_gpio.o(i.HAL_GPIO_TogglePin) for HAL_GPIO_TogglePin
    stm32746g_discovery.o(i.BSP_LED_Toggle) refers to stm32746g_discovery.o(.constdata) for GPIO_PIN
    stm32746g_discovery.o(i.BSP_PB_DeInit) refers to stm32f7xx_hal_cortex.o(i.HAL_NVIC_DisableIRQ) for HAL_NVIC_DisableIRQ
    stm32746g_discovery.o(i.BSP_PB_DeInit) refers to stm32f7xx_hal_gpio.o(i.HAL_GPIO_DeInit) for HAL_GPIO_DeInit
    stm32746g_discovery.o(i.BSP_PB_DeInit) refers to stm32746g_discovery.o(.constdata) for BUTTON_PIN
    stm32746g_discovery.o(i.BSP_PB_DeInit) refers to stm32746g_discovery.o(.data) for BUTTON_PORT
    stm32746g_discovery.o(i.BSP_PB_GetState) refers to stm32f7xx_hal_gpio.o(i.HAL_GPIO_ReadPin) for HAL_GPIO_ReadPin
    stm32746g_discovery.o(i.BSP_PB_GetState) refers to stm32746g_discovery.o(.constdata) for BUTTON_PIN
    stm32746g_discovery.o(i.BSP_PB_GetState) refers to stm32746g_discovery.o(.data) for BUTTON_PORT
    stm32746g_discovery.o(i.BSP_PB_Init) refers to stm32f7xx_hal_gpio.o(i.HAL_GPIO_Init) for HAL_GPIO_Init
    stm32746g_discovery.o(i.BSP_PB_Init) refers to stm32f7xx_hal_cortex.o(i.HAL_NVIC_SetPriority) for HAL_NVIC_SetPriority
    stm32746g_discovery.o(i.BSP_PB_Init) refers to stm32f7xx_hal_cortex.o(i.HAL_NVIC_EnableIRQ) for HAL_NVIC_EnableIRQ
    stm32746g_discovery.o(i.BSP_PB_Init) refers to stm32746g_discovery.o(.constdata) for BUTTON_PIN
    stm32746g_discovery.o(i.BSP_PB_Init) refers to stm32746g_discovery.o(.data) for BUTTON_PORT
    stm32746g_discovery.o(i.CAMERA_Delay) refers to stm32f7xx_hal.o(i.HAL_Delay) for HAL_Delay
    stm32746g_discovery.o(i.CAMERA_IO_Init) refers to stm32746g_discovery.o(i.I2Cx_Init) for I2Cx_Init
    stm32746g_discovery.o(i.CAMERA_IO_Init) refers to stm32746g_discovery.o(.bss) for hI2cExtHandler
    stm32746g_discovery.o(i.CAMERA_IO_Read) refers to stm32746g_discovery.o(i.I2Cx_ReadMultiple) for I2Cx_ReadMultiple
    stm32746g_discovery.o(i.CAMERA_IO_Read) refers to stm32746g_discovery.o(.bss) for hI2cExtHandler
    stm32746g_discovery.o(i.CAMERA_IO_Write) refers to stm32746g_discovery.o(i.I2Cx_WriteMultiple) for I2Cx_WriteMultiple
    stm32746g_discovery.o(i.CAMERA_IO_Write) refers to stm32746g_discovery.o(.bss) for hI2cExtHandler
    stm32746g_discovery.o(i.EEPROM_IO_Init) refers to stm32746g_discovery.o(i.I2Cx_Init) for I2Cx_Init
    stm32746g_discovery.o(i.EEPROM_IO_Init) refers to stm32746g_discovery.o(.bss) for hI2cExtHandler
    stm32746g_discovery.o(i.EEPROM_IO_IsDeviceReady) refers to stm32746g_discovery.o(i.I2Cx_IsDeviceReady) for I2Cx_IsDeviceReady
    stm32746g_discovery.o(i.EEPROM_IO_IsDeviceReady) refers to stm32746g_discovery.o(.bss) for hI2cExtHandler
    stm32746g_discovery.o(i.EEPROM_IO_ReadData) refers to stm32746g_discovery.o(i.I2Cx_ReadMultiple) for I2Cx_ReadMultiple
    stm32746g_discovery.o(i.EEPROM_IO_ReadData) refers to stm32746g_discovery.o(.bss) for hI2cExtHandler
    stm32746g_discovery.o(i.EEPROM_IO_WriteData) refers to stm32746g_discovery.o(i.I2Cx_WriteMultiple) for I2Cx_WriteMultiple
    stm32746g_discovery.o(i.EEPROM_IO_WriteData) refers to stm32746g_discovery.o(.bss) for hI2cExtHandler
    stm32746g_discovery.o(i.I2Cx_Error) refers to stm32f7xx_hal_i2c.o(i.HAL_I2C_DeInit) for HAL_I2C_DeInit
    stm32746g_discovery.o(i.I2Cx_Error) refers to stm32746g_discovery.o(i.I2Cx_Init) for I2Cx_Init
    stm32746g_discovery.o(i.I2Cx_Init) refers to stm32f7xx_hal_i2c.o(i.HAL_I2C_GetState) for HAL_I2C_GetState
    stm32746g_discovery.o(i.I2Cx_Init) refers to stm32746g_discovery.o(i.I2Cx_MspInit) for I2Cx_MspInit
    stm32746g_discovery.o(i.I2Cx_Init) refers to stm32f7xx_hal_i2c.o(i.HAL_I2C_Init) for HAL_I2C_Init
    stm32746g_discovery.o(i.I2Cx_Init) refers to stm32746g_discovery.o(.bss) for hI2cAudioHandler
    stm32746g_discovery.o(i.I2Cx_IsDeviceReady) refers to stm32f7xx_hal_i2c.o(i.HAL_I2C_IsDeviceReady) for HAL_I2C_IsDeviceReady
    stm32746g_discovery.o(i.I2Cx_MspInit) refers to stm32f7xx_hal_gpio.o(i.HAL_GPIO_Init) for HAL_GPIO_Init
    stm32746g_discovery.o(i.I2Cx_MspInit) refers to stm32f7xx_hal_cortex.o(i.HAL_NVIC_SetPriority) for HAL_NVIC_SetPriority
    stm32746g_discovery.o(i.I2Cx_MspInit) refers to stm32f7xx_hal_cortex.o(i.HAL_NVIC_EnableIRQ) for HAL_NVIC_EnableIRQ
    stm32746g_discovery.o(i.I2Cx_MspInit) refers to stm32746g_discovery.o(.bss) for hI2cAudioHandler
    stm32746g_discovery.o(i.I2Cx_ReadMultiple) refers to stm32f7xx_hal_i2c.o(i.HAL_I2C_Mem_Read) for HAL_I2C_Mem_Read
    stm32746g_discovery.o(i.I2Cx_ReadMultiple) refers to stm32746g_discovery.o(i.I2Cx_Error) for I2Cx_Error
    stm32746g_discovery.o(i.I2Cx_WriteMultiple) refers to stm32f7xx_hal_i2c.o(i.HAL_I2C_Mem_Write) for HAL_I2C_Mem_Write
    stm32746g_discovery.o(i.I2Cx_WriteMultiple) refers to stm32746g_discovery.o(i.I2Cx_Error) for I2Cx_Error
    stm32746g_discovery.o(i.TS_IO_Delay) refers to stm32f7xx_hal.o(i.HAL_Delay) for HAL_Delay
    stm32746g_discovery.o(i.TS_IO_Init) refers to stm32746g_discovery.o(i.I2Cx_Init) for I2Cx_Init
    stm32746g_discovery.o(i.TS_IO_Init) refers to stm32746g_discovery.o(.bss) for hI2cAudioHandler
    stm32746g_discovery.o(i.TS_IO_Read) refers to stm32746g_discovery.o(i.I2Cx_ReadMultiple) for I2Cx_ReadMultiple
    stm32746g_discovery.o(i.TS_IO_Read) refers to stm32746g_discovery.o(.bss) for hI2cAudioHandler
    stm32746g_discovery.o(i.TS_IO_Write) refers to stm32746g_discovery.o(i.I2Cx_WriteMultiple) for I2Cx_WriteMultiple
    stm32746g_discovery.o(i.TS_IO_Write) refers to stm32746g_discovery.o(.bss) for hI2cAudioHandler
    entry.o(.ARM.Collect$$$$00000000) refers (Special) to entry10a.o(.ARM.Collect$$$$0000000D) for __rt_final_cpp
    entry.o(.ARM.Collect$$$$00000000) refers (Special) to entry11a.o(.ARM.Collect$$$$0000000F) for __rt_final_exit
    entry.o(.ARM.Collect$$$$00000000) refers (Special) to entry7b.o(.ARM.Collect$$$$00000008) for _main_clock
    entry.o(.ARM.Collect$$$$00000000) refers (Special) to entry8b.o(.ARM.Collect$$$$0000000A) for _main_cpp_init
    entry.o(.ARM.Collect$$$$00000000) refers (Special) to entry9a.o(.ARM.Collect$$$$0000000B) for _main_init
    entry.o(.ARM.Collect$$$$00000000) refers (Special) to entry5.o(.ARM.Collect$$$$00000004) for _main_scatterload
    entry.o(.ARM.Collect$$$$00000000) refers (Special) to entry2.o(.ARM.Collect$$$$00000001) for _main_stk
    uldiv.o(.text) refers to llushr.o(.text) for __aeabi_llsr
    uldiv.o(.text) refers to llshl.o(.text) for __aeabi_llsl
    entry2.o(.ARM.Collect$$$$00000001) refers to entry2.o(.ARM.Collect$$$$00002712) for __lit__00000000
    entry2.o(.ARM.Collect$$$$00002712) refers to startup_stm32f746xx.o(STACK) for __initial_sp
    entry2.o(__vectab_stack_and_reset_area) refers to startup_stm32f746xx.o(STACK) for __initial_sp
    entry2.o(__vectab_stack_and_reset_area) refers to entry.o(.ARM.Collect$$$$00000000) for __main
    entry5.o(.ARM.Collect$$$$00000004) refers to init.o(.text) for __scatterload
    entry9a.o(.ARM.Collect$$$$0000000B) refers to main.o(i.main) for main
    entry9b.o(.ARM.Collect$$$$0000000C) refers to main.o(i.main) for main
    init.o(.text) refers to entry5.o(.ARM.Collect$$$$00000004) for __main_after_scatterload


==============================================================================

Removing Unused input sections from the image.

    Removing main.o(.rev16_text), (4 bytes).
    Removing main.o(.revsh_text), (4 bytes).
    Removing main.o(.rrx_text), (6 bytes).
    Removing startup_stm32f746xx.o(HEAP), (512 bytes).
    Removing stm32f7xx_it.o(.rev16_text), (4 bytes).
    Removing stm32f7xx_it.o(.revsh_text), (4 bytes).
    Removing stm32f7xx_it.o(.rrx_text), (6 bytes).
    Removing stm32f7xx_hal_msp.o(.rev16_text), (4 bytes).
    Removing stm32f7xx_hal_msp.o(.revsh_text), (4 bytes).
    Removing stm32f7xx_hal_msp.o(.rrx_text), (6 bytes).
    Removing stm32f7xx_hal_uart.o(.rev16_text), (4 bytes).
    Removing stm32f7xx_hal_uart.o(.revsh_text), (4 bytes).
    Removing stm32f7xx_hal_uart.o(.rrx_text), (6 bytes).
    Removing stm32f7xx_hal_uart.o(i.HAL_HalfDuplex_EnableReceiver), (74 bytes).
    Removing stm32f7xx_hal_uart.o(i.HAL_HalfDuplex_EnableTransmitter), (74 bytes).
    Removing stm32f7xx_hal_uart.o(i.HAL_HalfDuplex_Init), (124 bytes).
    Removing stm32f7xx_hal_uart.o(i.HAL_LIN_Init), (140 bytes).
    Removing stm32f7xx_hal_uart.o(i.HAL_LIN_SendBreak), (62 bytes).
    Removing stm32f7xx_hal_uart.o(i.HAL_MultiProcessorEx_AddressLength_Set), (64 bytes).
    Removing stm32f7xx_hal_uart.o(i.HAL_MultiProcessor_DisableMuteMode), (58 bytes).
    Removing stm32f7xx_hal_uart.o(i.HAL_MultiProcessor_EnableMuteMode), (58 bytes).
    Removing stm32f7xx_hal_uart.o(i.HAL_MultiProcessor_EnterMuteMode), (14 bytes).
    Removing stm32f7xx_hal_uart.o(i.HAL_MultiProcessor_Init), (148 bytes).
    Removing stm32f7xx_hal_uart.o(i.HAL_RS485Ex_Init), (156 bytes).
    Removing stm32f7xx_hal_uart.o(i.HAL_UART_DMAPause), (122 bytes).
    Removing stm32f7xx_hal_uart.o(i.HAL_UART_DMAResume), (120 bytes).
    Removing stm32f7xx_hal_uart.o(i.HAL_UART_DMAStop), (100 bytes).
    Removing stm32f7xx_hal_uart.o(i.HAL_UART_ErrorCallback), (2 bytes).
    Removing stm32f7xx_hal_uart.o(i.HAL_UART_GetError), (6 bytes).
    Removing stm32f7xx_hal_uart.o(i.HAL_UART_GetState), (20 bytes).
    Removing stm32f7xx_hal_uart.o(i.HAL_UART_MspDeInit), (2 bytes).
    Removing stm32f7xx_hal_uart.o(i.HAL_UART_MspInit), (2 bytes).
    Removing stm32f7xx_hal_uart.o(i.HAL_UART_Receive), (274 bytes).
    Removing stm32f7xx_hal_uart.o(i.HAL_UART_Receive_DMA), (172 bytes).
    Removing stm32f7xx_hal_uart.o(i.HAL_UART_RxCpltCallback), (2 bytes).
    Removing stm32f7xx_hal_uart.o(i.HAL_UART_RxHalfCpltCallback), (2 bytes).
    Removing stm32f7xx_hal_uart.o(i.HAL_UART_Transmit), (198 bytes).
    Removing stm32f7xx_hal_uart.o(i.HAL_UART_Transmit_DMA), (160 bytes).
    Removing stm32f7xx_hal_uart.o(i.HAL_UART_TxCpltCallback), (2 bytes).
    Removing stm32f7xx_hal_uart.o(i.HAL_UART_TxHalfCpltCallback), (2 bytes).
    Removing stm32f7xx_hal_uart.o(i.UART_DMAError), (78 bytes).
    Removing stm32f7xx_hal_uart.o(i.UART_DMAReceiveCplt), (72 bytes).
    Removing stm32f7xx_hal_uart.o(i.UART_DMARxHalfCplt), (14 bytes).
    Removing stm32f7xx_hal_uart.o(i.UART_DMATransmitCplt), (56 bytes).
    Removing stm32f7xx_hal_uart.o(i.UART_DMATxHalfCplt), (14 bytes).
    Removing stm32f7xx_hal_uart.o(i.UART_EndTxTransfer), (20 bytes).
    Removing stm32f7xx_hal_gpio.o(.rev16_text), (4 bytes).
    Removing stm32f7xx_hal_gpio.o(.revsh_text), (4 bytes).
    Removing stm32f7xx_hal_gpio.o(.rrx_text), (6 bytes).
    Removing stm32f7xx_hal_gpio.o(i.HAL_GPIO_EXTI_Callback), (2 bytes).
    Removing stm32f7xx_hal_gpio.o(i.HAL_GPIO_LockPin), (46 bytes).
    Removing stm32f7xx_hal_gpio.o(i.HAL_GPIO_ReadPin), (16 bytes).
    Removing stm32f7xx_hal.o(.rev16_text), (4 bytes).
    Removing stm32f7xx_hal.o(.revsh_text), (4 bytes).
    Removing stm32f7xx_hal.o(.rrx_text), (6 bytes).
    Removing stm32f7xx_hal.o(i.HAL_DBGMCU_DisableDBGSleepMode), (20 bytes).
    Removing stm32f7xx_hal.o(i.HAL_DBGMCU_DisableDBGStandbyMode), (20 bytes).
    Removing stm32f7xx_hal.o(i.HAL_DBGMCU_DisableDBGStopMode), (20 bytes).
    Removing stm32f7xx_hal.o(i.HAL_DBGMCU_EnableDBGSleepMode), (20 bytes).
    Removing stm32f7xx_hal.o(i.HAL_DBGMCU_EnableDBGStandbyMode), (20 bytes).
    Removing stm32f7xx_hal.o(i.HAL_DBGMCU_EnableDBGStopMode), (20 bytes).
    Removing stm32f7xx_hal.o(i.HAL_DeInit), (68 bytes).
    Removing stm32f7xx_hal.o(i.HAL_DisableCompensationCell), (20 bytes).
    Removing stm32f7xx_hal.o(i.HAL_DisableFMCMemorySwapping), (20 bytes).
    Removing stm32f7xx_hal.o(i.HAL_EnableCompensationCell), (20 bytes).
    Removing stm32f7xx_hal.o(i.HAL_EnableFMCMemorySwapping), (20 bytes).
    Removing stm32f7xx_hal.o(i.HAL_GetDEVID), (16 bytes).
    Removing stm32f7xx_hal.o(i.HAL_GetHalVersion), (8 bytes).
    Removing stm32f7xx_hal.o(i.HAL_GetREVID), (12 bytes).
    Removing stm32f7xx_hal.o(i.HAL_GetTickFreq), (12 bytes).
    Removing stm32f7xx_hal.o(i.HAL_GetTickPrio), (12 bytes).
    Removing stm32f7xx_hal.o(i.HAL_GetUIDw0), (12 bytes).
    Removing stm32f7xx_hal.o(i.HAL_GetUIDw1), (12 bytes).
    Removing stm32f7xx_hal.o(i.HAL_GetUIDw2), (12 bytes).
    Removing stm32f7xx_hal.o(i.HAL_MspDeInit), (2 bytes).
    Removing stm32f7xx_hal.o(i.HAL_ResumeTick), (18 bytes).
    Removing stm32f7xx_hal.o(i.HAL_SetTickFreq), (40 bytes).
    Removing stm32f7xx_hal.o(i.HAL_SuspendTick), (18 bytes).
    Removing stm32f7xx_hal_cortex.o(.rev16_text), (4 bytes).
    Removing stm32f7xx_hal_cortex.o(.revsh_text), (4 bytes).
    Removing stm32f7xx_hal_cortex.o(.rrx_text), (6 bytes).
    Removing stm32f7xx_hal_cortex.o(i.HAL_MPU_ConfigRegion), (92 bytes).
    Removing stm32f7xx_hal_cortex.o(i.HAL_MPU_Disable), (44 bytes).
    Removing stm32f7xx_hal_cortex.o(i.HAL_MPU_Enable), (64 bytes).
    Removing stm32f7xx_hal_cortex.o(i.HAL_NVIC_ClearPendingIRQ), (36 bytes).
    Removing stm32f7xx_hal_cortex.o(i.HAL_NVIC_GetActive), (48 bytes).
    Removing stm32f7xx_hal_cortex.o(i.HAL_NVIC_GetPendingIRQ), (48 bytes).
    Removing stm32f7xx_hal_cortex.o(i.HAL_NVIC_GetPriority), (148 bytes).
    Removing stm32f7xx_hal_cortex.o(i.HAL_NVIC_GetPriorityGrouping), (8 bytes).
    Removing stm32f7xx_hal_cortex.o(i.HAL_NVIC_SetPendingIRQ), (36 bytes).
    Removing stm32f7xx_hal_cortex.o(i.HAL_NVIC_SystemReset), (68 bytes).
    Removing stm32f7xx_hal_cortex.o(i.HAL_SYSTICK_CLKSourceConfig), (40 bytes).
    Removing stm32f7xx_hal_cortex.o(i.HAL_SYSTICK_Callback), (2 bytes).
    Removing stm32f7xx_hal_cortex.o(i.HAL_SYSTICK_IRQHandler), (8 bytes).
    Removing stm32f7xx_hal_dma.o(.rev16_text), (4 bytes).
    Removing stm32f7xx_hal_dma.o(.revsh_text), (4 bytes).
    Removing stm32f7xx_hal_dma.o(.rrx_text), (6 bytes).
    Removing stm32f7xx_hal_dma.o(i.DMA_CalcBaseAndBitshift), (52 bytes).
    Removing stm32f7xx_hal_dma.o(i.DMA_CheckFifoParam), (170 bytes).
    Removing stm32f7xx_hal_dma.o(i.DMA_SetConfig), (44 bytes).
    Removing stm32f7xx_hal_dma.o(i.HAL_DMA_Abort), (170 bytes).
    Removing stm32f7xx_hal_dma.o(i.HAL_DMA_DeInit), (110 bytes).
    Removing stm32f7xx_hal_dma.o(i.HAL_DMA_GetError), (6 bytes).
    Removing stm32f7xx_hal_dma.o(i.HAL_DMA_GetState), (8 bytes).
    Removing stm32f7xx_hal_dma.o(i.HAL_DMA_IRQHandler), (576 bytes).
    Removing stm32f7xx_hal_dma.o(i.HAL_DMA_Init), (236 bytes).
    Removing stm32f7xx_hal_dma.o(i.HAL_DMA_PollForTransfer), (346 bytes).
    Removing stm32f7xx_hal_dma.o(i.HAL_DMA_RegisterCallback), (94 bytes).
    Removing stm32f7xx_hal_dma.o(i.HAL_DMA_Start), (102 bytes).
    Removing stm32f7xx_hal_dma.o(i.HAL_DMA_Start_IT), (158 bytes).
    Removing stm32f7xx_hal_dma.o(i.HAL_DMA_UnRegisterCallback), (124 bytes).
    Removing stm32f7xx_hal_dma.o(.constdata), (8 bytes).
    Removing stm32f7xx_hal_i2c.o(.rev16_text), (4 bytes).
    Removing stm32f7xx_hal_i2c.o(.revsh_text), (4 bytes).
    Removing stm32f7xx_hal_i2c.o(.rrx_text), (6 bytes).
    Removing stm32f7xx_hal_i2c.o(i.HAL_I2C_AbortCpltCallback), (2 bytes).
    Removing stm32f7xx_hal_i2c.o(i.HAL_I2C_AddrCallback), (2 bytes).
    Removing stm32f7xx_hal_i2c.o(i.HAL_I2C_DeInit), (60 bytes).
    Removing stm32f7xx_hal_i2c.o(i.HAL_I2C_DisableListen_IT), (54 bytes).
    Removing stm32f7xx_hal_i2c.o(i.HAL_I2C_ER_IRQHandler), (114 bytes).
    Removing stm32f7xx_hal_i2c.o(i.HAL_I2C_EV_IRQHandler), (28 bytes).
    Removing stm32f7xx_hal_i2c.o(i.HAL_I2C_EnableListen_IT), (44 bytes).
    Removing stm32f7xx_hal_i2c.o(i.HAL_I2C_ErrorCallback), (2 bytes).
    Removing stm32f7xx_hal_i2c.o(i.HAL_I2C_GetError), (6 bytes).
    Removing stm32f7xx_hal_i2c.o(i.HAL_I2C_GetMode), (8 bytes).
    Removing stm32f7xx_hal_i2c.o(i.HAL_I2C_GetState), (8 bytes).
    Removing stm32f7xx_hal_i2c.o(i.HAL_I2C_Init), (196 bytes).
    Removing stm32f7xx_hal_i2c.o(i.HAL_I2C_IsDeviceReady), (344 bytes).
    Removing stm32f7xx_hal_i2c.o(i.HAL_I2C_ListenCpltCallback), (2 bytes).
    Removing stm32f7xx_hal_i2c.o(i.HAL_I2C_MasterRxCpltCallback), (2 bytes).
    Removing stm32f7xx_hal_i2c.o(i.HAL_I2C_MasterTxCpltCallback), (2 bytes).
    Removing stm32f7xx_hal_i2c.o(i.HAL_I2C_Master_Abort_IT), (104 bytes).
    Removing stm32f7xx_hal_i2c.o(i.HAL_I2C_Master_Receive), (380 bytes).
    Removing stm32f7xx_hal_i2c.o(i.HAL_I2C_Master_Receive_DMA), (292 bytes).
    Removing stm32f7xx_hal_i2c.o(i.HAL_I2C_Master_Receive_IT), (172 bytes).
    Removing stm32f7xx_hal_i2c.o(i.HAL_I2C_Master_Sequential_Receive_IT), (172 bytes).
    Removing stm32f7xx_hal_i2c.o(i.HAL_I2C_Master_Sequential_Transmit_IT), (172 bytes).
    Removing stm32f7xx_hal_i2c.o(i.HAL_I2C_Master_Transmit), (372 bytes).
    Removing stm32f7xx_hal_i2c.o(i.HAL_I2C_Master_Transmit_DMA), (292 bytes).
    Removing stm32f7xx_hal_i2c.o(i.HAL_I2C_Master_Transmit_IT), (172 bytes).
    Removing stm32f7xx_hal_i2c.o(i.HAL_I2C_MemRxCpltCallback), (2 bytes).
    Removing stm32f7xx_hal_i2c.o(i.HAL_I2C_MemTxCpltCallback), (2 bytes).
    Removing stm32f7xx_hal_i2c.o(i.HAL_I2C_Mem_Read), (444 bytes).
    Removing stm32f7xx_hal_i2c.o(i.HAL_I2C_Mem_Read_DMA), (316 bytes).
    Removing stm32f7xx_hal_i2c.o(i.HAL_I2C_Mem_Read_IT), (244 bytes).
    Removing stm32f7xx_hal_i2c.o(i.HAL_I2C_Mem_Write), (440 bytes).
    Removing stm32f7xx_hal_i2c.o(i.HAL_I2C_Mem_Write_DMA), (312 bytes).
    Removing stm32f7xx_hal_i2c.o(i.HAL_I2C_Mem_Write_IT), (240 bytes).
    Removing stm32f7xx_hal_i2c.o(i.HAL_I2C_MspDeInit), (2 bytes).
    Removing stm32f7xx_hal_i2c.o(i.HAL_I2C_MspInit), (2 bytes).
    Removing stm32f7xx_hal_i2c.o(i.HAL_I2C_SlaveRxCpltCallback), (2 bytes).
    Removing stm32f7xx_hal_i2c.o(i.HAL_I2C_SlaveTxCpltCallback), (2 bytes).
    Removing stm32f7xx_hal_i2c.o(i.HAL_I2C_Slave_Receive), (378 bytes).
    Removing stm32f7xx_hal_i2c.o(i.HAL_I2C_Slave_Receive_DMA), (184 bytes).
    Removing stm32f7xx_hal_i2c.o(i.HAL_I2C_Slave_Receive_IT), (116 bytes).
    Removing stm32f7xx_hal_i2c.o(i.HAL_I2C_Slave_Sequential_Receive_IT), (168 bytes).
    Removing stm32f7xx_hal_i2c.o(i.HAL_I2C_Slave_Sequential_Transmit_IT), (168 bytes).
    Removing stm32f7xx_hal_i2c.o(i.HAL_I2C_Slave_Transmit), (392 bytes).
    Removing stm32f7xx_hal_i2c.o(i.HAL_I2C_Slave_Transmit_DMA), (184 bytes).
    Removing stm32f7xx_hal_i2c.o(i.HAL_I2C_Slave_Transmit_IT), (116 bytes).
    Removing stm32f7xx_hal_i2c.o(i.I2C_DMAAbort), (58 bytes).
    Removing stm32f7xx_hal_i2c.o(i.I2C_DMAError), (28 bytes).
    Removing stm32f7xx_hal_i2c.o(i.I2C_DMAMasterReceiveCplt), (82 bytes).
    Removing stm32f7xx_hal_i2c.o(i.I2C_DMAMasterTransmitCplt), (82 bytes).
    Removing stm32f7xx_hal_i2c.o(i.I2C_DMASlaveReceiveCplt), (2 bytes).
    Removing stm32f7xx_hal_i2c.o(i.I2C_DMASlaveTransmitCplt), (2 bytes).
    Removing stm32f7xx_hal_i2c.o(i.I2C_Disable_IRQ), (124 bytes).
    Removing stm32f7xx_hal_i2c.o(i.I2C_Enable_IRQ), (140 bytes).
    Removing stm32f7xx_hal_i2c.o(i.I2C_Flush_TXDR), (40 bytes).
    Removing stm32f7xx_hal_i2c.o(i.I2C_ITAddrCplt), (210 bytes).
    Removing stm32f7xx_hal_i2c.o(i.I2C_ITError), (280 bytes).
    Removing stm32f7xx_hal_i2c.o(i.I2C_ITListenCplt), (108 bytes).
    Removing stm32f7xx_hal_i2c.o(i.I2C_ITMasterCplt), (232 bytes).
    Removing stm32f7xx_hal_i2c.o(i.I2C_ITMasterSequentialCplt), (98 bytes).
    Removing stm32f7xx_hal_i2c.o(i.I2C_ITSlaveCplt), (304 bytes).
    Removing stm32f7xx_hal_i2c.o(i.I2C_ITSlaveSequentialCplt), (98 bytes).
    Removing stm32f7xx_hal_i2c.o(i.I2C_IsAcknowledgeFailed), (140 bytes).
    Removing stm32f7xx_hal_i2c.o(i.I2C_Master_ISR_DMA), (252 bytes).
    Removing stm32f7xx_hal_i2c.o(i.I2C_Master_ISR_IT), (398 bytes).
    Removing stm32f7xx_hal_i2c.o(i.I2C_RequestMemoryRead), (144 bytes).
    Removing stm32f7xx_hal_i2c.o(i.I2C_RequestMemoryWrite), (144 bytes).
    Removing stm32f7xx_hal_i2c.o(i.I2C_Slave_ISR_DMA), (144 bytes).
    Removing stm32f7xx_hal_i2c.o(i.I2C_Slave_ISR_IT), (320 bytes).
    Removing stm32f7xx_hal_i2c.o(i.I2C_TransferConfig), (52 bytes).
    Removing stm32f7xx_hal_i2c.o(i.I2C_WaitOnFlagUntilTimeout), (86 bytes).
    Removing stm32f7xx_hal_i2c.o(i.I2C_WaitOnRXNEFlagUntilTimeout), (160 bytes).
    Removing stm32f7xx_hal_i2c.o(i.I2C_WaitOnSTOPFlagUntilTimeout), (86 bytes).
    Removing stm32f7xx_hal_i2c.o(i.I2C_WaitOnTXISFlagUntilTimeout), (90 bytes).
    Removing stm32f7xx_hal_i2c_ex.o(.rev16_text), (4 bytes).
    Removing stm32f7xx_hal_i2c_ex.o(.revsh_text), (4 bytes).
    Removing stm32f7xx_hal_i2c_ex.o(.rrx_text), (6 bytes).
    Removing stm32f7xx_hal_i2c_ex.o(i.HAL_I2CEx_ConfigAnalogFilter), (106 bytes).
    Removing stm32f7xx_hal_i2c_ex.o(i.HAL_I2CEx_ConfigDigitalFilter), (106 bytes).
    Removing stm32f7xx_hal_pwr.o(.rev16_text), (4 bytes).
    Removing stm32f7xx_hal_pwr.o(.revsh_text), (4 bytes).
    Removing stm32f7xx_hal_pwr.o(.rrx_text), (6 bytes).
    Removing stm32f7xx_hal_pwr.o(i.HAL_PWR_ConfigPVD), (180 bytes).
    Removing stm32f7xx_hal_pwr.o(i.HAL_PWR_DeInit), (28 bytes).
    Removing stm32f7xx_hal_pwr.o(i.HAL_PWR_DisableBkUpAccess), (20 bytes).
    Removing stm32f7xx_hal_pwr.o(i.HAL_PWR_DisablePVD), (20 bytes).
    Removing stm32f7xx_hal_pwr.o(i.HAL_PWR_DisableSEVOnPend), (20 bytes).
    Removing stm32f7xx_hal_pwr.o(i.HAL_PWR_DisableSleepOnExit), (20 bytes).
    Removing stm32f7xx_hal_pwr.o(i.HAL_PWR_DisableWakeUpPin), (16 bytes).
    Removing stm32f7xx_hal_pwr.o(i.HAL_PWR_EnableBkUpAccess), (20 bytes).
    Removing stm32f7xx_hal_pwr.o(i.HAL_PWR_EnablePVD), (20 bytes).
    Removing stm32f7xx_hal_pwr.o(i.HAL_PWR_EnableSEVOnPend), (20 bytes).
    Removing stm32f7xx_hal_pwr.o(i.HAL_PWR_EnableSleepOnExit), (20 bytes).
    Removing stm32f7xx_hal_pwr.o(i.HAL_PWR_EnableWakeUpPin), (40 bytes).
    Removing stm32f7xx_hal_pwr.o(i.HAL_PWR_EnterSLEEPMode), (64 bytes).
    Removing stm32f7xx_hal_pwr.o(i.HAL_PWR_EnterSTANDBYMode), (40 bytes).
    Removing stm32f7xx_hal_pwr.o(i.HAL_PWR_EnterSTOPMode), (100 bytes).
    Removing stm32f7xx_hal_pwr.o(i.HAL_PWR_PVDCallback), (2 bytes).
    Removing stm32f7xx_hal_pwr.o(i.HAL_PWR_PVD_IRQHandler), (32 bytes).
    Removing stm32f7xx_hal_pwr_ex.o(.rev16_text), (4 bytes).
    Removing stm32f7xx_hal_pwr_ex.o(.revsh_text), (4 bytes).
    Removing stm32f7xx_hal_pwr_ex.o(.rrx_text), (6 bytes).
    Removing stm32f7xx_hal_pwr_ex.o(i.HAL_PWREx_ControlVoltageScaling), (236 bytes).
    Removing stm32f7xx_hal_pwr_ex.o(i.HAL_PWREx_DisableBkUpReg), (72 bytes).
    Removing stm32f7xx_hal_pwr_ex.o(i.HAL_PWREx_DisableFlashPowerDown), (20 bytes).
    Removing stm32f7xx_hal_pwr_ex.o(i.HAL_PWREx_DisableLowRegulatorLowVoltage), (20 bytes).
    Removing stm32f7xx_hal_pwr_ex.o(i.HAL_PWREx_DisableMainRegulatorLowVoltage), (20 bytes).
    Removing stm32f7xx_hal_pwr_ex.o(i.HAL_PWREx_DisableOverDrive), (144 bytes).
    Removing stm32f7xx_hal_pwr_ex.o(i.HAL_PWREx_EnableBkUpReg), (72 bytes).
    Removing stm32f7xx_hal_pwr_ex.o(i.HAL_PWREx_EnableFlashPowerDown), (20 bytes).
    Removing stm32f7xx_hal_pwr_ex.o(i.HAL_PWREx_EnableLowRegulatorLowVoltage), (20 bytes).
    Removing stm32f7xx_hal_pwr_ex.o(i.HAL_PWREx_EnableMainRegulatorLowVoltage), (20 bytes).
    Removing stm32f7xx_hal_pwr_ex.o(i.HAL_PWREx_EnterUnderDriveSTOPMode), (164 bytes).
    Removing stm32f7xx_hal_pwr_ex.o(i.HAL_PWREx_GetVoltageRange), (16 bytes).
    Removing stm32f7xx_hal_rcc.o(.rev16_text), (4 bytes).
    Removing stm32f7xx_hal_rcc.o(.revsh_text), (4 bytes).
    Removing stm32f7xx_hal_rcc.o(.rrx_text), (6 bytes).
    Removing stm32f7xx_hal_rcc.o(i.HAL_RCC_CSSCallback), (2 bytes).
    Removing stm32f7xx_hal_rcc.o(i.HAL_RCC_DeInit), (404 bytes).
    Removing stm32f7xx_hal_rcc.o(i.HAL_RCC_DisableCSS), (20 bytes).
    Removing stm32f7xx_hal_rcc.o(i.HAL_RCC_EnableCSS), (20 bytes).
    Removing stm32f7xx_hal_rcc.o(i.HAL_RCC_GetClockConfig), (68 bytes).
    Removing stm32f7xx_hal_rcc.o(i.HAL_RCC_GetOscConfig), (244 bytes).
    Removing stm32f7xx_hal_rcc.o(i.HAL_RCC_MCOConfig), (184 bytes).
    Removing stm32f7xx_hal_rcc.o(i.HAL_RCC_NMI_IRQHandler), (32 bytes).
    Removing system_stm32f7xx.o(.rev16_text), (4 bytes).
    Removing system_stm32f7xx.o(.revsh_text), (4 bytes).
    Removing system_stm32f7xx.o(.rrx_text), (6 bytes).
    Removing system_stm32f7xx.o(i.SystemCoreClockUpdate), (192 bytes).
    Removing stm32746g_discovery.o(.rev16_text), (4 bytes).
    Removing stm32746g_discovery.o(.revsh_text), (4 bytes).
    Removing stm32746g_discovery.o(.rrx_text), (6 bytes).
    Removing stm32746g_discovery.o(i.AUDIO_IO_DeInit), (2 bytes).
    Removing stm32746g_discovery.o(i.AUDIO_IO_Delay), (12 bytes).
    Removing stm32746g_discovery.o(i.AUDIO_IO_Init), (16 bytes).
    Removing stm32746g_discovery.o(i.AUDIO_IO_Read), (64 bytes).
    Removing stm32746g_discovery.o(i.AUDIO_IO_Write), (60 bytes).
    Removing stm32746g_discovery.o(i.BSP_COM_DeInit), (48 bytes).
    Removing stm32746g_discovery.o(i.BSP_COM_Init), (236 bytes).
    Removing stm32746g_discovery.o(i.BSP_GetVersion), (6 bytes).
    Removing stm32746g_discovery.o(i.BSP_LED_DeInit), (56 bytes).
    Removing stm32746g_discovery.o(i.BSP_PB_DeInit), (56 bytes).
    Removing stm32746g_discovery.o(i.BSP_PB_GetState), (32 bytes).
    Removing stm32746g_discovery.o(i.CAMERA_Delay), (12 bytes).
    Removing stm32746g_discovery.o(i.CAMERA_IO_Init), (16 bytes).
    Removing stm32746g_discovery.o(i.CAMERA_IO_Read), (40 bytes).
    Removing stm32746g_discovery.o(i.CAMERA_IO_Write), (36 bytes).
    Removing stm32746g_discovery.o(i.EEPROM_IO_Init), (16 bytes).
    Removing stm32746g_discovery.o(i.EEPROM_IO_IsDeviceReady), (24 bytes).
    Removing stm32746g_discovery.o(i.EEPROM_IO_ReadData), (40 bytes).
    Removing stm32746g_discovery.o(i.EEPROM_IO_WriteData), (40 bytes).
    Removing stm32746g_discovery.o(i.I2Cx_Error), (20 bytes).
    Removing stm32746g_discovery.o(i.I2Cx_Init), (80 bytes).
    Removing stm32746g_discovery.o(i.I2Cx_IsDeviceReady), (24 bytes).
    Removing stm32746g_discovery.o(i.I2Cx_MspInit), (356 bytes).
    Removing stm32746g_discovery.o(i.I2Cx_ReadMultiple), (58 bytes).
    Removing stm32746g_discovery.o(i.I2Cx_WriteMultiple), (58 bytes).
    Removing stm32746g_discovery.o(i.TS_IO_Delay), (12 bytes).
    Removing stm32746g_discovery.o(i.TS_IO_Init), (16 bytes).
    Removing stm32746g_discovery.o(i.TS_IO_Read), (40 bytes).
    Removing stm32746g_discovery.o(i.TS_IO_Write), (36 bytes).
    Removing stm32746g_discovery.o(.bss), (152 bytes).

276 unused section(s) (total 21634 bytes) removed from the image.

==============================================================================

Image Symbol Table

    Local Symbols

    Symbol Name                              Value     Ov Type        Size  Object(Section)

    ../clib/microlib/division.c              0x00000000   Number         0  uldiv.o ABSOLUTE
    ../clib/microlib/init/entry.s            0x00000000   Number         0  entry11b.o ABSOLUTE
    ../clib/microlib/init/entry.s            0x00000000   Number         0  entry.o ABSOLUTE
    ../clib/microlib/init/entry.s            0x00000000   Number         0  entry9a.o ABSOLUTE
    ../clib/microlib/init/entry.s            0x00000000   Number         0  entry11a.o ABSOLUTE
    ../clib/microlib/init/entry.s            0x00000000   Number         0  entry10b.o ABSOLUTE
    ../clib/microlib/init/entry.s            0x00000000   Number         0  entry10a.o ABSOLUTE
    ../clib/microlib/init/entry.s            0x00000000   Number         0  entry9b.o ABSOLUTE
    ../clib/microlib/init/entry.s            0x00000000   Number         0  entry8b.o ABSOLUTE
    ../clib/microlib/init/entry.s            0x00000000   Number         0  entry8a.o ABSOLUTE
    ../clib/microlib/init/entry.s            0x00000000   Number         0  entry7b.o ABSOLUTE
    ../clib/microlib/init/entry.s            0x00000000   Number         0  entry7a.o ABSOLUTE
    ../clib/microlib/init/entry.s            0x00000000   Number         0  entry5.o ABSOLUTE
    ../clib/microlib/init/entry.s            0x00000000   Number         0  entry2.o ABSOLUTE
    ../clib/microlib/longlong.c              0x00000000   Number         0  llushr.o ABSOLUTE
    ../clib/microlib/longlong.c              0x00000000   Number         0  llshl.o ABSOLUTE
    ..\..\..\Drivers\BSP\STM32746G-Discovery\stm32746g_discovery.c 0x00000000   Number         0  stm32746g_discovery.o ABSOLUTE
    ..\..\..\Drivers\STM32F7xx_HAL_Driver\Src\stm32f7xx_hal.c 0x00000000   Number         0  stm32f7xx_hal.o ABSOLUTE
    ..\..\..\Drivers\STM32F7xx_HAL_Driver\Src\stm32f7xx_hal_cortex.c 0x00000000   Number         0  stm32f7xx_hal_cortex.o ABSOLUTE
    ..\..\..\Drivers\STM32F7xx_HAL_Driver\Src\stm32f7xx_hal_dma.c 0x00000000   Number         0  stm32f7xx_hal_dma.o ABSOLUTE
    ..\..\..\Drivers\STM32F7xx_HAL_Driver\Src\stm32f7xx_hal_gpio.c 0x00000000   Number         0  stm32f7xx_hal_gpio.o ABSOLUTE
    ..\..\..\Drivers\STM32F7xx_HAL_Driver\Src\stm32f7xx_hal_i2c.c 0x00000000   Number         0  stm32f7xx_hal_i2c.o ABSOLUTE
    ..\..\..\Drivers\STM32F7xx_HAL_Driver\Src\stm32f7xx_hal_i2c_ex.c 0x00000000   Number         0  stm32f7xx_hal_i2c_ex.o ABSOLUTE
    ..\..\..\Drivers\STM32F7xx_HAL_Driver\Src\stm32f7xx_hal_pwr.c 0x00000000   Number         0  stm32f7xx_hal_pwr.o ABSOLUTE
    ..\..\..\Drivers\STM32F7xx_HAL_Driver\Src\stm32f7xx_hal_pwr_ex.c 0x00000000   Number         0  stm32f7xx_hal_pwr_ex.o ABSOLUTE
    ..\..\..\Drivers\STM32F7xx_HAL_Driver\Src\stm32f7xx_hal_rcc.c 0x00000000   Number         0  stm32f7xx_hal_rcc.o ABSOLUTE
    ..\..\..\Drivers\STM32F7xx_HAL_Driver\Src\stm32f7xx_hal_uart.c 0x00000000   Number         0  stm32f7xx_hal_uart.o ABSOLUTE
    ..\Src\main.c                            0x00000000   Number         0  main.o ABSOLUTE
    ..\Src\startup_stm32f746xx.s             0x00000000   Number         0  startup_stm32f746xx.o ABSOLUTE
    ..\Src\stm32f7xx_hal_msp.c               0x00000000   Number         0  stm32f7xx_hal_msp.o ABSOLUTE
    ..\Src\stm32f7xx_it.c                    0x00000000   Number         0  stm32f7xx_it.o ABSOLUTE
    ..\Src\system_stm32f7xx.c                0x00000000   Number         0  system_stm32f7xx.o ABSOLUTE
    ..\\..\\..\\Drivers\\BSP\\STM32746G-Discovery\\stm32746g_discovery.c 0x00000000   Number         0  stm32746g_discovery.o ABSOLUTE
    ..\\..\\..\\Drivers\\STM32F7xx_HAL_Driver\\Src\\stm32f7xx_hal.c 0x00000000   Number         0  stm32f7xx_hal.o ABSOLUTE
    ..\\..\\..\\Drivers\\STM32F7xx_HAL_Driver\\Src\\stm32f7xx_hal_cortex.c 0x00000000   Number         0  stm32f7xx_hal_cortex.o ABSOLUTE
    ..\\..\\..\\Drivers\\STM32F7xx_HAL_Driver\\Src\\stm32f7xx_hal_dma.c 0x00000000   Number         0  stm32f7xx_hal_dma.o ABSOLUTE
    ..\\..\\..\\Drivers\\STM32F7xx_HAL_Driver\\Src\\stm32f7xx_hal_gpio.c 0x00000000   Number         0  stm32f7xx_hal_gpio.o ABSOLUTE
    ..\\..\\..\\Drivers\\STM32F7xx_HAL_Driver\\Src\\stm32f7xx_hal_i2c.c 0x00000000   Number         0  stm32f7xx_hal_i2c.o ABSOLUTE
    ..\\..\\..\\Drivers\\STM32F7xx_HAL_Driver\\Src\\stm32f7xx_hal_i2c_ex.c 0x00000000   Number         0  stm32f7xx_hal_i2c_ex.o ABSOLUTE
    ..\\..\\..\\Drivers\\STM32F7xx_HAL_Driver\\Src\\stm32f7xx_hal_pwr.c 0x00000000   Number         0  stm32f7xx_hal_pwr.o ABSOLUTE
    ..\\..\\..\\Drivers\\STM32F7xx_HAL_Driver\\Src\\stm32f7xx_hal_pwr_ex.c 0x00000000   Number         0  stm32f7xx_hal_pwr_ex.o ABSOLUTE
    ..\\..\\..\\Drivers\\STM32F7xx_HAL_Driver\\Src\\stm32f7xx_hal_rcc.c 0x00000000   Number         0  stm32f7xx_hal_rcc.o ABSOLUTE
    ..\\..\\..\\Drivers\\STM32F7xx_HAL_Driver\\Src\\stm32f7xx_hal_uart.c 0x00000000   Number         0  stm32f7xx_hal_uart.o ABSOLUTE
    ..\\Src\\main.c                          0x00000000   Number         0  main.o ABSOLUTE
    ..\\Src\\stm32f7xx_hal_msp.c             0x00000000   Number         0  stm32f7xx_hal_msp.o ABSOLUTE
    ..\\Src\\stm32f7xx_it.c                  0x00000000   Number         0  stm32f7xx_it.o ABSOLUTE
    ..\\Src\\system_stm32f7xx.c              0x00000000   Number         0  system_stm32f7xx.o ABSOLUTE
    dc.s                                     0x00000000   Number         0  dc.o ABSOLUTE
    handlers.s                               0x00000000   Number         0  handlers.o ABSOLUTE
    init.s                                   0x00000000   Number         0  init.o ABSOLUTE
    RESET                                    0x08000000   Section      456  startup_stm32f746xx.o(RESET)
    .ARM.Collect$$$$00000000                 0x080001c8   Section        0  entry.o(.ARM.Collect$$$$00000000)
    .ARM.Collect$$$$00000001                 0x080001c8   Section        4  entry2.o(.ARM.Collect$$$$00000001)
    .ARM.Collect$$$$00000004                 0x080001cc   Section        4  entry5.o(.ARM.Collect$$$$00000004)
    .ARM.Collect$$$$00000008                 0x080001d0   Section        0  entry7b.o(.ARM.Collect$$$$00000008)
    .ARM.Collect$$$$0000000A                 0x080001d0   Section        0  entry8b.o(.ARM.Collect$$$$0000000A)
    .ARM.Collect$$$$0000000B                 0x080001d0   Section        8  entry9a.o(.ARM.Collect$$$$0000000B)
    .ARM.Collect$$$$0000000D                 0x080001d8   Section        0  entry10a.o(.ARM.Collect$$$$0000000D)
    .ARM.Collect$$$$0000000F                 0x080001d8   Section        0  entry11a.o(.ARM.Collect$$$$0000000F)
    .ARM.Collect$$$$00002712                 0x080001d8   Section        4  entry2.o(.ARM.Collect$$$$00002712)
    __lit__00000000                          0x080001d8   Data           4  entry2.o(.ARM.Collect$$$$00002712)
    .text                                    0x080001dc   Section       36  startup_stm32f746xx.o(.text)
    $v0                                      0x080001dc   Number         0  startup_stm32f746xx.o(.text)
    .text                                    0x08000200   Section        0  uldiv.o(.text)
    .text                                    0x08000262   Section        0  llshl.o(.text)
    .text                                    0x08000280   Section        0  llushr.o(.text)
    .text                                    0x080002a0   Section       36  init.o(.text)
    i.BSP_LED_Init                           0x080002c4   Section        0  stm32746g_discovery.o(i.BSP_LED_Init)
    i.BSP_LED_Off                            0x08000324   Section        0  stm32746g_discovery.o(i.BSP_LED_Off)
    i.BSP_LED_On                             0x08000348   Section        0  stm32746g_discovery.o(i.BSP_LED_On)
    i.BSP_LED_Toggle                         0x0800036c   Section        0  stm32746g_discovery.o(i.BSP_LED_Toggle)
    i.BSP_PB_Init                            0x0800038c   Section        0  stm32746g_discovery.o(i.BSP_PB_Init)
    i.Buffercmp                              0x08000478   Section        0  main.o(i.Buffercmp)
    Buffercmp                                0x08000479   Thumb Code    36  main.o(i.Buffercmp)
    i.BusFault_Handler                       0x0800049c   Section        0  stm32f7xx_it.o(i.BusFault_Handler)
    i.CPU_CACHE_Enable                       0x080004a0   Section        0  main.o(i.CPU_CACHE_Enable)
    CPU_CACHE_Enable                         0x080004a1   Thumb Code    12  main.o(i.CPU_CACHE_Enable)
    i.DebugMon_Handler                       0x080004ac   Section        0  stm32f7xx_it.o(i.DebugMon_Handler)
    i.EXTI15_10_IRQHandler                   0x080004ae   Section        0  stm32f7xx_it.o(i.EXTI15_10_IRQHandler)
    i.Error_Handler                          0x080004ba   Section        0  main.o(i.Error_Handler)
    Error_Handler                            0x080004bb   Thumb Code    24  main.o(i.Error_Handler)
    i.HAL_DMA_Abort_IT                       0x080004d2   Section        0  stm32f7xx_hal_dma.o(i.HAL_DMA_Abort_IT)
    i.HAL_Delay                              0x080004fc   Section        0  stm32f7xx_hal.o(i.HAL_Delay)
    i.HAL_GPIO_DeInit                        0x08000524   Section        0  stm32f7xx_hal_gpio.o(i.HAL_GPIO_DeInit)
    i.HAL_GPIO_EXTI_Callback                 0x080006a4   Section        0  main.o(i.HAL_GPIO_EXTI_Callback)
    i.HAL_GPIO_EXTI_IRQHandler               0x080006b8   Section        0  stm32f7xx_hal_gpio.o(i.HAL_GPIO_EXTI_IRQHandler)
    i.HAL_GPIO_Init                          0x080006d4   Section        0  stm32f7xx_hal_gpio.o(i.HAL_GPIO_Init)
    i.HAL_GPIO_TogglePin                     0x080008ec   Section        0  stm32f7xx_hal_gpio.o(i.HAL_GPIO_TogglePin)
    i.HAL_GPIO_WritePin                      0x080008f4   Section        0  stm32f7xx_hal_gpio.o(i.HAL_GPIO_WritePin)
    i.HAL_GetTick                            0x08000900   Section        0  stm32f7xx_hal.o(i.HAL_GetTick)
    i.HAL_IncTick                            0x0800090c   Section        0  stm32f7xx_hal.o(i.HAL_IncTick)
    i.HAL_Init                               0x08000924   Section        0  stm32f7xx_hal.o(i.HAL_Init)
    i.HAL_InitTick                           0x08000954   Section        0  stm32f7xx_hal.o(i.HAL_InitTick)
    i.HAL_MspInit                            0x080009a0   Section        0  stm32f7xx_hal.o(i.HAL_MspInit)
    i.HAL_NVIC_DisableIRQ                    0x080009a4   Section        0  stm32f7xx_hal_cortex.o(i.HAL_NVIC_DisableIRQ)
    i.HAL_NVIC_EnableIRQ                     0x080009e8   Section        0  stm32f7xx_hal_cortex.o(i.HAL_NVIC_EnableIRQ)
    i.HAL_NVIC_SetPriority                   0x08000a08   Section        0  stm32f7xx_hal_cortex.o(i.HAL_NVIC_SetPriority)
    i.HAL_NVIC_SetPriorityGrouping           0x08000a84   Section        0  stm32f7xx_hal_cortex.o(i.HAL_NVIC_SetPriorityGrouping)
    i.HAL_PWREx_EnableOverDrive              0x08000aac   Section        0  stm32f7xx_hal_pwr_ex.o(i.HAL_PWREx_EnableOverDrive)
    i.HAL_RCC_ClockConfig                    0x08000b3c   Section        0  stm32f7xx_hal_rcc.o(i.HAL_RCC_ClockConfig)
    i.HAL_RCC_GetHCLKFreq                    0x08000ccc   Section        0  stm32f7xx_hal_rcc.o(i.HAL_RCC_GetHCLKFreq)
    i.HAL_RCC_GetPCLK1Freq                   0x08000cd8   Section        0  stm32f7xx_hal_rcc.o(i.HAL_RCC_GetPCLK1Freq)
    i.HAL_RCC_GetPCLK2Freq                   0x08000cf8   Section        0  stm32f7xx_hal_rcc.o(i.HAL_RCC_GetPCLK2Freq)
    i.HAL_RCC_GetSysClockFreq                0x08000d18   Section        0  stm32f7xx_hal_rcc.o(i.HAL_RCC_GetSysClockFreq)
    i.HAL_RCC_OscConfig                      0x08000dc8   Section        0  stm32f7xx_hal_rcc.o(i.HAL_RCC_OscConfig)
    i.HAL_SYSTICK_Config                     0x0800127c   Section        0  stm32f7xx_hal_cortex.o(i.HAL_SYSTICK_Config)
    i.HAL_UART_DeInit                        0x080012b0   Section        0  stm32f7xx_hal_uart.o(i.HAL_UART_DeInit)
    i.HAL_UART_ErrorCallback                 0x080012f8   Section        0  main.o(i.HAL_UART_ErrorCallback)
    i.HAL_UART_IRQHandler                    0x080012fc   Section        0  stm32f7xx_hal_uart.o(i.HAL_UART_IRQHandler)
    i.HAL_UART_Init                          0x0800145c   Section        0  stm32f7xx_hal_uart.o(i.HAL_UART_Init)
    i.HAL_UART_MspDeInit                     0x080014d4   Section        0  stm32f7xx_hal_msp.o(i.HAL_UART_MspDeInit)
    i.HAL_UART_MspInit                       0x08001514   Section        0  stm32f7xx_hal_msp.o(i.HAL_UART_MspInit)
    i.HAL_UART_Receive_IT                    0x080015bc   Section        0  stm32f7xx_hal_uart.o(i.HAL_UART_Receive_IT)
    i.HAL_UART_RxCpltCallback                0x08001678   Section        0  main.o(i.HAL_UART_RxCpltCallback)
    i.HAL_UART_Transmit_IT                   0x08001684   Section        0  stm32f7xx_hal_uart.o(i.HAL_UART_Transmit_IT)
    i.HAL_UART_TxCpltCallback                0x080016e0   Section        0  main.o(i.HAL_UART_TxCpltCallback)
    i.HardFault_Handler                      0x080016ec   Section        0  stm32f7xx_it.o(i.HardFault_Handler)
    i.MemManage_Handler                      0x080016f0   Section        0  stm32f7xx_it.o(i.MemManage_Handler)
    i.NMI_Handler                            0x080016f4   Section        0  stm32f7xx_it.o(i.NMI_Handler)
    i.PendSV_Handler                         0x080016f6   Section        0  stm32f7xx_it.o(i.PendSV_Handler)
    i.SCB_EnableDCache                       0x080016f8   Section        0  main.o(i.SCB_EnableDCache)
    SCB_EnableDCache                         0x080016f9   Thumb Code   148  main.o(i.SCB_EnableDCache)
    i.SCB_EnableICache                       0x08001794   Section        0  main.o(i.SCB_EnableICache)
    SCB_EnableICache                         0x08001795   Thumb Code   116  main.o(i.SCB_EnableICache)
    i.SVC_Handler                            0x08001810   Section        0  stm32f7xx_it.o(i.SVC_Handler)
    i.SysTick_Handler                        0x08001812   Section        0  stm32f7xx_it.o(i.SysTick_Handler)
    i.SystemClock_Config                     0x0800181a   Section        0  main.o(i.SystemClock_Config)
    i.SystemInit                             0x08001888   Section        0  system_stm32f7xx.o(i.SystemInit)
    i.UART_AdvFeatureConfig                  0x080018ec   Section        0  stm32f7xx_hal_uart.o(i.UART_AdvFeatureConfig)
    i.UART_CheckIdleState                    0x080019d6   Section        0  stm32f7xx_hal_uart.o(i.UART_CheckIdleState)
    i.UART_DMAAbortOnError                   0x08001a24   Section        0  stm32f7xx_hal_uart.o(i.UART_DMAAbortOnError)
    UART_DMAAbortOnError                     0x08001a25   Thumb Code    24  stm32f7xx_hal_uart.o(i.UART_DMAAbortOnError)
    i.UART_EndRxTransfer                     0x08001a3c   Section        0  stm32f7xx_hal_uart.o(i.UART_EndRxTransfer)
    UART_EndRxTransfer                       0x08001a3d   Thumb Code    32  stm32f7xx_hal_uart.o(i.UART_EndRxTransfer)
    i.UART_EndTransmit_IT                    0x08001a5c   Section        0  stm32f7xx_hal_uart.o(i.UART_EndTransmit_IT)
    UART_EndTransmit_IT                      0x08001a5d   Thumb Code    32  stm32f7xx_hal_uart.o(i.UART_EndTransmit_IT)
    i.UART_Receive_IT                        0x08001a7c   Section        0  stm32f7xx_hal_uart.o(i.UART_Receive_IT)
    UART_Receive_IT                          0x08001a7d   Thumb Code   136  stm32f7xx_hal_uart.o(i.UART_Receive_IT)
    i.UART_SetConfig                         0x08001b04   Section        0  stm32f7xx_hal_uart.o(i.UART_SetConfig)
    i.UART_Transmit_IT                       0x08001e90   Section        0  stm32f7xx_hal_uart.o(i.UART_Transmit_IT)
    UART_Transmit_IT                         0x08001e91   Thumb Code   106  stm32f7xx_hal_uart.o(i.UART_Transmit_IT)
    i.UART_WaitOnFlagUntilTimeout            0x08001efa   Section        0  stm32f7xx_hal_uart.o(i.UART_WaitOnFlagUntilTimeout)
    i.USART1_IRQHandler                      0x08001f68   Section        0  stm32f7xx_it.o(i.USART1_IRQHandler)
    i.UsageFault_Handler                     0x08001f78   Section        0  stm32f7xx_it.o(i.UsageFault_Handler)
    i.__NVIC_GetPriorityGrouping             0x08001f7c   Section        0  stm32f7xx_hal_cortex.o(i.__NVIC_GetPriorityGrouping)
    __NVIC_GetPriorityGrouping               0x08001f7d   Thumb Code    10  stm32f7xx_hal_cortex.o(i.__NVIC_GetPriorityGrouping)
    i.__NVIC_SetPriority                     0x08001f8c   Section        0  stm32f7xx_hal_cortex.o(i.__NVIC_SetPriority)
    __NVIC_SetPriority                       0x08001f8d   Thumb Code    32  stm32f7xx_hal_cortex.o(i.__NVIC_SetPriority)
    i.__scatterload_copy                     0x08001fb4   Section       14  handlers.o(i.__scatterload_copy)
    i.__scatterload_null                     0x08001fc2   Section        2  handlers.o(i.__scatterload_null)
    i.__scatterload_zeroinit                 0x08001fc4   Section       14  handlers.o(i.__scatterload_zeroinit)
    i.main                                   0x08001fd4   Section        0  main.o(i.main)
    .constdata                               0x080020b8   Section       24  system_stm32f7xx.o(.constdata)
    .constdata                               0x080020d0   Section       24  stm32746g_discovery.o(.constdata)
    .data                                    0x20000000   Section       24  main.o(.data)
    .data                                    0x20000018   Section        9  stm32f7xx_hal.o(.data)
    .data                                    0x20000024   Section        4  system_stm32f7xx.o(.data)
    .data                                    0x20000028   Section       24  stm32746g_discovery.o(.data)
    .bss                                     0x20000040   Section      127  main.o(.bss)
    STACK                                    0x200000c0   Section     1024  startup_stm32f746xx.o(STACK)

    Global Symbols

    Symbol Name                              Value     Ov Type        Size  Object(Section)

    BuildAttributes$$THM_ISAv4$E$P$D$K$B$S$7EM$VFPi5$EXTD16$VFPS$VFMA$PE$PLD8$A:L22UL41UL21$X:L11$S22US41US21$IEEE1$IW$USESV6$~STKCKD$USESV7$~SHL$OSPACE$EBA8$MICROLIB$REQ8$PRES8$EABIv2 0x00000000   Number         0  anon$$obj.o ABSOLUTE
    __ARM_use_no_argv                        0x00000000   Number         0  main.o ABSOLUTE
    __cpp_initialize__aeabi_                  - Undefined Weak Reference
    __cxa_finalize                            - Undefined Weak Reference
    __decompress                              - Undefined Weak Reference
    _clock_init                               - Undefined Weak Reference
    _microlib_exit                            - Undefined Weak Reference
    __Vectors_Size                           0x000001c8   Number         0  startup_stm32f746xx.o ABSOLUTE
    __Vectors                                0x08000000   Data           4  startup_stm32f746xx.o(RESET)
    __Vectors_End                            0x080001c8   Data           0  startup_stm32f746xx.o(RESET)
    __main                                   0x080001c9   Thumb Code     0  entry.o(.ARM.Collect$$$$00000000)
    _main_stk                                0x080001c9   Thumb Code     0  entry2.o(.ARM.Collect$$$$00000001)
    _main_scatterload                        0x080001cd   Thumb Code     0  entry5.o(.ARM.Collect$$$$00000004)
    __main_after_scatterload                 0x080001d1   Thumb Code     0  entry5.o(.ARM.Collect$$$$00000004)
    _main_clock                              0x080001d1   Thumb Code     0  entry7b.o(.ARM.Collect$$$$00000008)
    _main_cpp_init                           0x080001d1   Thumb Code     0  entry8b.o(.ARM.Collect$$$$0000000A)
    _main_init                               0x080001d1   Thumb Code     0  entry9a.o(.ARM.Collect$$$$0000000B)
    __rt_final_cpp                           0x080001d9   Thumb Code     0  entry10a.o(.ARM.Collect$$$$0000000D)
    __rt_final_exit                          0x080001d9   Thumb Code     0  entry11a.o(.ARM.Collect$$$$0000000F)
    Reset_Handler                            0x080001dd   Thumb Code     8  startup_stm32f746xx.o(.text)
    ADC_IRQHandler                           0x080001f7   Thumb Code     0  startup_stm32f746xx.o(.text)
    CAN1_RX0_IRQHandler                      0x080001f7   Thumb Code     0  startup_stm32f746xx.o(.text)
    CAN1_RX1_IRQHandler                      0x080001f7   Thumb Code     0  startup_stm32f746xx.o(.text)
    CAN1_SCE_IRQHandler                      0x080001f7   Thumb Code     0  startup_stm32f746xx.o(.text)
    CAN1_TX_IRQHandler                       0x080001f7   Thumb Code     0  startup_stm32f746xx.o(.text)
    CAN2_RX0_IRQHandler                      0x080001f7   Thumb Code     0  startup_stm32f746xx.o(.text)
    CAN2_RX1_IRQHandler                      0x080001f7   Thumb Code     0  startup_stm32f746xx.o(.text)
    CAN2_SCE_IRQHandler                      0x080001f7   Thumb Code     0  startup_stm32f746xx.o(.text)
    CAN2_TX_IRQHandler                       0x080001f7   Thumb Code     0  startup_stm32f746xx.o(.text)
    CEC_IRQHandler                           0x080001f7   Thumb Code     0  startup_stm32f746xx.o(.text)
    DCMI_IRQHandler                          0x080001f7   Thumb Code     0  startup_stm32f746xx.o(.text)
    DMA1_Stream0_IRQHandler                  0x080001f7   Thumb Code     0  startup_stm32f746xx.o(.text)
    DMA1_Stream1_IRQHandler                  0x080001f7   Thumb Code     0  startup_stm32f746xx.o(.text)
    DMA1_Stream2_IRQHandler                  0x080001f7   Thumb Code     0  startup_stm32f746xx.o(.text)
    DMA1_Stream3_IRQHandler                  0x080001f7   Thumb Code     0  startup_stm32f746xx.o(.text)
    DMA1_Stream4_IRQHandler                  0x080001f7   Thumb Code     0  startup_stm32f746xx.o(.text)
    DMA1_Stream5_IRQHandler                  0x080001f7   Thumb Code     0  startup_stm32f746xx.o(.text)
    DMA1_Stream6_IRQHandler                  0x080001f7   Thumb Code     0  startup_stm32f746xx.o(.text)
    DMA1_Stream7_IRQHandler                  0x080001f7   Thumb Code     0  startup_stm32f746xx.o(.text)
    DMA2D_IRQHandler                         0x080001f7   Thumb Code     0  startup_stm32f746xx.o(.text)
    DMA2_Stream0_IRQHandler                  0x080001f7   Thumb Code     0  startup_stm32f746xx.o(.text)
    DMA2_Stream1_IRQHandler                  0x080001f7   Thumb Code     0  startup_stm32f746xx.o(.text)
    DMA2_Stream2_IRQHandler                  0x080001f7   Thumb Code     0  startup_stm32f746xx.o(.text)
    DMA2_Stream3_IRQHandler                  0x080001f7   Thumb Code     0  startup_stm32f746xx.o(.text)
    DMA2_Stream4_IRQHandler                  0x080001f7   Thumb Code     0  startup_stm32f746xx.o(.text)
    DMA2_Stream5_IRQHandler                  0x080001f7   Thumb Code     0  startup_stm32f746xx.o(.text)
    DMA2_Stream6_IRQHandler                  0x080001f7   Thumb Code     0  startup_stm32f746xx.o(.text)
    DMA2_Stream7_IRQHandler                  0x080001f7   Thumb Code     0  startup_stm32f746xx.o(.text)
    ETH_IRQHandler                           0x080001f7   Thumb Code     0  startup_stm32f746xx.o(.text)
    ETH_WKUP_IRQHandler                      0x080001f7   Thumb Code     0  startup_stm32f746xx.o(.text)
    EXTI0_IRQHandler                         0x080001f7   Thumb Code     0  startup_stm32f746xx.o(.text)
    EXTI1_IRQHandler                         0x080001f7   Thumb Code     0  startup_stm32f746xx.o(.text)
    EXTI2_IRQHandler                         0x080001f7   Thumb Code     0  startup_stm32f746xx.o(.text)
    EXTI3_IRQHandler                         0x080001f7   Thumb Code     0  startup_stm32f746xx.o(.text)
    EXTI4_IRQHandler                         0x080001f7   Thumb Code     0  startup_stm32f746xx.o(.text)
    EXTI9_5_IRQHandler                       0x080001f7   Thumb Code     0  startup_stm32f746xx.o(.text)
    FLASH_IRQHandler                         0x080001f7   Thumb Code     0  startup_stm32f746xx.o(.text)
    FMC_IRQHandler                           0x080001f7   Thumb Code     0  startup_stm32f746xx.o(.text)
    FPU_IRQHandler                           0x080001f7   Thumb Code     0  startup_stm32f746xx.o(.text)
    I2C1_ER_IRQHandler                       0x080001f7   Thumb Code     0  startup_stm32f746xx.o(.text)
    I2C1_EV_IRQHandler                       0x080001f7   Thumb Code     0  startup_stm32f746xx.o(.text)
    I2C2_ER_IRQHandler                       0x080001f7   Thumb Code     0  startup_stm32f746xx.o(.text)
    I2C2_EV_IRQHandler                       0x080001f7   Thumb Code     0  startup_stm32f746xx.o(.text)
    I2C3_ER_IRQHandler                       0x080001f7   Thumb Code     0  startup_stm32f746xx.o(.text)
    I2C3_EV_IRQHandler                       0x080001f7   Thumb Code     0  startup_stm32f746xx.o(.text)
    I2C4_ER_IRQHandler                       0x080001f7   Thumb Code     0  startup_stm32f746xx.o(.text)
    I2C4_EV_IRQHandler                       0x080001f7   Thumb Code     0  startup_stm32f746xx.o(.text)
    LPTIM1_IRQHandler                        0x080001f7   Thumb Code     0  startup_stm32f746xx.o(.text)
    LTDC_ER_IRQHandler                       0x080001f7   Thumb Code     0  startup_stm32f746xx.o(.text)
    LTDC_IRQHandler                          0x080001f7   Thumb Code     0  startup_stm32f746xx.o(.text)
    OTG_FS_IRQHandler                        0x080001f7   Thumb Code     0  startup_stm32f746xx.o(.text)
    OTG_FS_WKUP_IRQHandler                   0x080001f7   Thumb Code     0  startup_stm32f746xx.o(.text)
    OTG_HS_EP1_IN_IRQHandler                 0x080001f7   Thumb Code     0  startup_stm32f746xx.o(.text)
    OTG_HS_EP1_OUT_IRQHandler                0x080001f7   Thumb Code     0  startup_stm32f746xx.o(.text)
    OTG_HS_IRQHandler                        0x080001f7   Thumb Code     0  startup_stm32f746xx.o(.text)
    OTG_HS_WKUP_IRQHandler                   0x080001f7   Thumb Code     0  startup_stm32f746xx.o(.text)
    PVD_IRQHandler                           0x080001f7   Thumb Code     0  startup_stm32f746xx.o(.text)
    QUADSPI_IRQHandler                       0x080001f7   Thumb Code     0  startup_stm32f746xx.o(.text)
    RCC_IRQHandler                           0x080001f7   Thumb Code     0  startup_stm32f746xx.o(.text)
    RNG_IRQHandler                           0x080001f7   Thumb Code     0  startup_stm32f746xx.o(.text)
    RTC_Alarm_IRQHandler                     0x080001f7   Thumb Code     0  startup_stm32f746xx.o(.text)
    RTC_WKUP_IRQHandler                      0x080001f7   Thumb Code     0  startup_stm32f746xx.o(.text)
    SAI1_IRQHandler                          0x080001f7   Thumb Code     0  startup_stm32f746xx.o(.text)
    SAI2_IRQHandler                          0x080001f7   Thumb Code     0  startup_stm32f746xx.o(.text)
    SDMMC1_IRQHandler                        0x080001f7   Thumb Code     0  startup_stm32f746xx.o(.text)
    SPDIF_RX_IRQHandler                      0x080001f7   Thumb Code     0  startup_stm32f746xx.o(.text)
    SPI1_IRQHandler                          0x080001f7   Thumb Code     0  startup_stm32f746xx.o(.text)
    SPI2_IRQHandler                          0x080001f7   Thumb Code     0  startup_stm32f746xx.o(.text)
    SPI3_IRQHandler                          0x080001f7   Thumb Code     0  startup_stm32f746xx.o(.text)
    SPI4_IRQHandler                          0x080001f7   Thumb Code     0  startup_stm32f746xx.o(.text)
    SPI5_IRQHandler                          0x080001f7   Thumb Code     0  startup_stm32f746xx.o(.text)
    SPI6_IRQHandler                          0x080001f7   Thumb Code     0  startup_stm32f746xx.o(.text)
    TAMP_STAMP_IRQHandler                    0x080001f7   Thumb Code     0  startup_stm32f746xx.o(.text)
    TIM1_BRK_TIM9_IRQHandler                 0x080001f7   Thumb Code     0  startup_stm32f746xx.o(.text)
    TIM1_CC_IRQHandler                       0x080001f7   Thumb Code     0  startup_stm32f746xx.o(.text)
    TIM1_TRG_COM_TIM11_IRQHandler            0x080001f7   Thumb Code     0  startup_stm32f746xx.o(.text)
    TIM1_UP_TIM10_IRQHandler                 0x080001f7   Thumb Code     0  startup_stm32f746xx.o(.text)
    TIM2_IRQHandler                          0x080001f7   Thumb Code     0  startup_stm32f746xx.o(.text)
    TIM3_IRQHandler                          0x080001f7   Thumb Code     0  startup_stm32f746xx.o(.text)
    TIM4_IRQHandler                          0x080001f7   Thumb Code     0  startup_stm32f746xx.o(.text)
    TIM5_IRQHandler                          0x080001f7   Thumb Code     0  startup_stm32f746xx.o(.text)
    TIM6_DAC_IRQHandler                      0x080001f7   Thumb Code     0  startup_stm32f746xx.o(.text)
    TIM7_IRQHandler                          0x080001f7   Thumb Code     0  startup_stm32f746xx.o(.text)
    TIM8_BRK_TIM12_IRQHandler                0x080001f7   Thumb Code     0  startup_stm32f746xx.o(.text)
    TIM8_CC_IRQHandler                       0x080001f7   Thumb Code     0  startup_stm32f746xx.o(.text)
    TIM8_TRG_COM_TIM14_IRQHandler            0x080001f7   Thumb Code     0  startup_stm32f746xx.o(.text)
    TIM8_UP_TIM13_IRQHandler                 0x080001f7   Thumb Code     0  startup_stm32f746xx.o(.text)
    UART4_IRQHandler                         0x080001f7   Thumb Code     0  startup_stm32f746xx.o(.text)
    UART5_IRQHandler                         0x080001f7   Thumb Code     0  startup_stm32f746xx.o(.text)
    UART7_IRQHandler                         0x080001f7   Thumb Code     0  startup_stm32f746xx.o(.text)
    UART8_IRQHandler                         0x080001f7   Thumb Code     0  startup_stm32f746xx.o(.text)
    USART2_IRQHandler                        0x080001f7   Thumb Code     0  startup_stm32f746xx.o(.text)
    USART3_IRQHandler                        0x080001f7   Thumb Code     0  startup_stm32f746xx.o(.text)
    USART6_IRQHandler                        0x080001f7   Thumb Code     0  startup_stm32f746xx.o(.text)
    WWDG_IRQHandler                          0x080001f7   Thumb Code     0  startup_stm32f746xx.o(.text)
    __aeabi_uldivmod                         0x08000201   Thumb Code    98  uldiv.o(.text)
    __aeabi_llsl                             0x08000263   Thumb Code    30  llshl.o(.text)
    _ll_shift_l                              0x08000263   Thumb Code     0  llshl.o(.text)
    __aeabi_llsr                             0x08000281   Thumb Code    32  llushr.o(.text)
    _ll_ushift_r                             0x08000281   Thumb Code     0  llushr.o(.text)
    __scatterload                            0x080002a1   Thumb Code    28  init.o(.text)
    __scatterload_rt2                        0x080002a1   Thumb Code     0  init.o(.text)
    BSP_LED_Init                             0x080002c5   Thumb Code    84  stm32746g_discovery.o(i.BSP_LED_Init)
    BSP_LED_Off                              0x08000325   Thumb Code    26  stm32746g_discovery.o(i.BSP_LED_Off)
    BSP_LED_On                               0x08000349   Thumb Code    26  stm32746g_discovery.o(i.BSP_LED_On)
    BSP_LED_Toggle                           0x0800036d   Thumb Code    24  stm32746g_discovery.o(i.BSP_LED_Toggle)
    BSP_PB_Init                              0x0800038d   Thumb Code   210  stm32746g_discovery.o(i.BSP_PB_Init)
    BusFault_Handler                         0x0800049d   Thumb Code     4  stm32f7xx_it.o(i.BusFault_Handler)
    DebugMon_Handler                         0x080004ad   Thumb Code     2  stm32f7xx_it.o(i.DebugMon_Handler)
    EXTI15_10_IRQHandler                     0x080004af   Thumb Code    12  stm32f7xx_it.o(i.EXTI15_10_IRQHandler)
    HAL_DMA_Abort_IT                         0x080004d3   Thumb Code    40  stm32f7xx_hal_dma.o(i.HAL_DMA_Abort_IT)
    HAL_Delay                                0x080004fd   Thumb Code    36  stm32f7xx_hal.o(i.HAL_Delay)
    HAL_GPIO_DeInit                          0x08000525   Thumb Code   336  stm32f7xx_hal_gpio.o(i.HAL_GPIO_DeInit)
    HAL_GPIO_EXTI_Callback                   0x080006a5   Thumb Code    14  main.o(i.HAL_GPIO_EXTI_Callback)
    HAL_GPIO_EXTI_IRQHandler                 0x080006b9   Thumb Code    24  stm32f7xx_hal_gpio.o(i.HAL_GPIO_EXTI_IRQHandler)
    HAL_GPIO_Init                            0x080006d5   Thumb Code   484  stm32f7xx_hal_gpio.o(i.HAL_GPIO_Init)
    HAL_GPIO_TogglePin                       0x080008ed   Thumb Code     8  stm32f7xx_hal_gpio.o(i.HAL_GPIO_TogglePin)
    HAL_GPIO_WritePin                        0x080008f5   Thumb Code    12  stm32f7xx_hal_gpio.o(i.HAL_GPIO_WritePin)
    HAL_GetTick                              0x08000901   Thumb Code     6  stm32f7xx_hal.o(i.HAL_GetTick)
    HAL_IncTick                              0x0800090d   Thumb Code    16  stm32f7xx_hal.o(i.HAL_IncTick)
    HAL_Init                                 0x08000925   Thumb Code    44  stm32f7xx_hal.o(i.HAL_Init)
    HAL_InitTick                             0x08000955   Thumb Code    64  stm32f7xx_hal.o(i.HAL_InitTick)
    HAL_MspInit                              0x080009a1   Thumb Code     2  stm32f7xx_hal.o(i.HAL_MspInit)
    HAL_NVIC_DisableIRQ                      0x080009a5   Thumb Code    62  stm32f7xx_hal_cortex.o(i.HAL_NVIC_DisableIRQ)
    HAL_NVIC_EnableIRQ                       0x080009e9   Thumb Code    32  stm32f7xx_hal_cortex.o(i.HAL_NVIC_EnableIRQ)
    HAL_NVIC_SetPriority                     0x08000a09   Thumb Code   124  stm32f7xx_hal_cortex.o(i.HAL_NVIC_SetPriority)
    HAL_NVIC_SetPriorityGrouping             0x08000a85   Thumb Code    32  stm32f7xx_hal_cortex.o(i.HAL_NVIC_SetPriorityGrouping)
    HAL_PWREx_EnableOverDrive                0x08000aad   Thumb Code   136  stm32f7xx_hal_pwr_ex.o(i.HAL_PWREx_EnableOverDrive)
    HAL_RCC_ClockConfig                      0x08000b3d   Thumb Code   382  stm32f7xx_hal_rcc.o(i.HAL_RCC_ClockConfig)
    HAL_RCC_GetHCLKFreq                      0x08000ccd   Thumb Code     6  stm32f7xx_hal_rcc.o(i.HAL_RCC_GetHCLKFreq)
    HAL_RCC_GetPCLK1Freq                     0x08000cd9   Thumb Code    22  stm32f7xx_hal_rcc.o(i.HAL_RCC_GetPCLK1Freq)
    HAL_RCC_GetPCLK2Freq                     0x08000cf9   Thumb Code    22  stm32f7xx_hal_rcc.o(i.HAL_RCC_GetPCLK2Freq)
    HAL_RCC_GetSysClockFreq                  0x08000d19   Thumb Code   162  stm32f7xx_hal_rcc.o(i.HAL_RCC_GetSysClockFreq)
    HAL_RCC_OscConfig                        0x08000dc9   Thumb Code  1200  stm32f7xx_hal_rcc.o(i.HAL_RCC_OscConfig)
    HAL_SYSTICK_Config                       0x0800127d   Thumb Code    52  stm32f7xx_hal_cortex.o(i.HAL_SYSTICK_Config)
    HAL_UART_DeInit                          0x080012b1   Thumb Code    72  stm32f7xx_hal_uart.o(i.HAL_UART_DeInit)
    HAL_UART_ErrorCallback                   0x080012f9   Thumb Code     4  main.o(i.HAL_UART_ErrorCallback)
    HAL_UART_IRQHandler                      0x080012fd   Thumb Code   348  stm32f7xx_hal_uart.o(i.HAL_UART_IRQHandler)
    HAL_UART_Init                            0x0800145d   Thumb Code   120  stm32f7xx_hal_uart.o(i.HAL_UART_Init)
    HAL_UART_MspDeInit                       0x080014d5   Thumb Code    50  stm32f7xx_hal_msp.o(i.HAL_UART_MspDeInit)
    HAL_UART_MspInit                         0x08001515   Thumb Code   156  stm32f7xx_hal_msp.o(i.HAL_UART_MspInit)
    HAL_UART_Receive_IT                      0x080015bd   Thumb Code   188  stm32f7xx_hal_uart.o(i.HAL_UART_Receive_IT)
    HAL_UART_RxCpltCallback                  0x08001679   Thumb Code     8  main.o(i.HAL_UART_RxCpltCallback)
    HAL_UART_Transmit_IT                     0x08001685   Thumb Code    90  stm32f7xx_hal_uart.o(i.HAL_UART_Transmit_IT)
    HAL_UART_TxCpltCallback                  0x080016e1   Thumb Code     8  main.o(i.HAL_UART_TxCpltCallback)
    HardFault_Handler                        0x080016ed   Thumb Code     4  stm32f7xx_it.o(i.HardFault_Handler)
    MemManage_Handler                        0x080016f1   Thumb Code     4  stm32f7xx_it.o(i.MemManage_Handler)
    NMI_Handler                              0x080016f5   Thumb Code     2  stm32f7xx_it.o(i.NMI_Handler)
    PendSV_Handler                           0x080016f7   Thumb Code     2  stm32f7xx_it.o(i.PendSV_Handler)
    SVC_Handler                              0x08001811   Thumb Code     2  stm32f7xx_it.o(i.SVC_Handler)
    SysTick_Handler                          0x08001813   Thumb Code     8  stm32f7xx_it.o(i.SysTick_Handler)
    SystemClock_Config                       0x0800181b   Thumb Code   110  main.o(i.SystemClock_Config)
    SystemInit                               0x08001889   Thumb Code    82  system_stm32f7xx.o(i.SystemInit)
    UART_AdvFeatureConfig                    0x080018ed   Thumb Code   234  stm32f7xx_hal_uart.o(i.UART_AdvFeatureConfig)
    UART_CheckIdleState                      0x080019d7   Thumb Code    78  stm32f7xx_hal_uart.o(i.UART_CheckIdleState)
    UART_SetConfig                           0x08001b05   Thumb Code   858  stm32f7xx_hal_uart.o(i.UART_SetConfig)
    UART_WaitOnFlagUntilTimeout              0x08001efb   Thumb Code   108  stm32f7xx_hal_uart.o(i.UART_WaitOnFlagUntilTimeout)
    USART1_IRQHandler                        0x08001f69   Thumb Code    10  stm32f7xx_it.o(i.USART1_IRQHandler)
    UsageFault_Handler                       0x08001f79   Thumb Code     4  stm32f7xx_it.o(i.UsageFault_Handler)
    __scatterload_copy                       0x08001fb5   Thumb Code    14  handlers.o(i.__scatterload_copy)
    __scatterload_null                       0x08001fc3   Thumb Code     2  handlers.o(i.__scatterload_null)
    __scatterload_zeroinit                   0x08001fc5   Thumb Code    14  handlers.o(i.__scatterload_zeroinit)
    main                                     0x08001fd5   Thumb Code   202  main.o(i.main)
    AHBPrescTable                            0x080020b8   Data          16  system_stm32f7xx.o(.constdata)
    APBPrescTable                            0x080020c8   Data           8  system_stm32f7xx.o(.constdata)
    GPIO_PIN                                 0x080020d0   Data           4  stm32746g_discovery.o(.constdata)
    BUTTON_PIN                               0x080020d4   Data           6  stm32746g_discovery.o(.constdata)
    BUTTON_IRQn                              0x080020da   Data           6  stm32746g_discovery.o(.constdata)
    COM_TX_PIN                               0x080020e0   Data           2  stm32746g_discovery.o(.constdata)
    COM_RX_PIN                               0x080020e2   Data           2  stm32746g_discovery.o(.constdata)
    COM_TX_AF                                0x080020e4   Data           2  stm32746g_discovery.o(.constdata)
    COM_RX_AF                                0x080020e6   Data           2  stm32746g_discovery.o(.constdata)
    Region$$Table$$Base                      0x080020e8   Number         0  anon$$obj.o(Region$$Table)
    Region$$Table$$Limit                     0x08002108   Number         0  anon$$obj.o(Region$$Table)
    UartReady                                0x20000000   Data           1  main.o(.data)
    UserButtonStatus                         0x20000004   Data           4  main.o(.data)
    aTxBuffer                                0x20000008   Data          16  main.o(.data)
    uwTick                                   0x20000018   Data           4  stm32f7xx_hal.o(.data)
    uwTickPrio                               0x2000001c   Data           4  stm32f7xx_hal.o(.data)
    uwTickFreq                               0x20000020   Data           1  stm32f7xx_hal.o(.data)
    SystemCoreClock                          0x20000024   Data           4  system_stm32f7xx.o(.data)
    BUTTON_PORT                              0x20000028   Data          12  stm32746g_discovery.o(.data)
    COM_USART                                0x20000034   Data           4  stm32746g_discovery.o(.data)
    COM_TX_PORT                              0x20000038   Data           4  stm32746g_discovery.o(.data)
    COM_RX_PORT                              0x2000003c   Data           4  stm32746g_discovery.o(.data)
    UartHandle                               0x20000040   Data         112  main.o(.bss)
    aRxBuffer                                0x200000b0   Data          15  main.o(.bss)
    __initial_sp                             0x200004c0   Data           0  startup_stm32f746xx.o(STACK)



==============================================================================

Memory Map of the image

  Image Entry point : 0x080001c9

  Load Region LR_IROM1 (Base: 0x08000000, Size: 0x00002148, Max: 0x00100000, ABSOLUTE)

    Execution Region ER_IROM1 (Exec base: 0x08000000, Load base: 0x08000000, Size: 0x00002108, Max: 0x00100000, ABSOLUTE)

    Exec Addr    Load Addr    Size         Type   Attr      Idx    E Section Name        Object

    0x08000000   0x08000000   0x000001c8   Data   RO          185    RESET               startup_stm32f746xx.o
    0x080001c8   0x080001c8   0x00000000   Code   RO         2198  * .ARM.Collect$$$$00000000  mc_w.l(entry.o)
    0x080001c8   0x080001c8   0x00000004   Code   RO         2203    .ARM.Collect$$$$00000001  mc_w.l(entry2.o)
    0x080001cc   0x080001cc   0x00000004   Code   RO         2206    .ARM.Collect$$$$00000004  mc_w.l(entry5.o)
    0x080001d0   0x080001d0   0x00000000   Code   RO         2208    .ARM.Collect$$$$00000008  mc_w.l(entry7b.o)
    0x080001d0   0x080001d0   0x00000000   Code   RO         2210    .ARM.Collect$$$$0000000A  mc_w.l(entry8b.o)
    0x080001d0   0x080001d0   0x00000008   Code   RO         2211    .ARM.Collect$$$$0000000B  mc_w.l(entry9a.o)
    0x080001d8   0x080001d8   0x00000000   Code   RO         2213    .ARM.Collect$$$$0000000D  mc_w.l(entry10a.o)
    0x080001d8   0x080001d8   0x00000000   Code   RO         2215    .ARM.Collect$$$$0000000F  mc_w.l(entry11a.o)
    0x080001d8   0x080001d8   0x00000004   Code   RO         2204    .ARM.Collect$$$$00002712  mc_w.l(entry2.o)
    0x080001dc   0x080001dc   0x00000024   Code   RO          186    .text               startup_stm32f746xx.o
    0x08000200   0x08000200   0x00000062   Code   RO         2201    .text               mc_w.l(uldiv.o)
    0x08000262   0x08000262   0x0000001e   Code   RO         2217    .text               mc_w.l(llshl.o)
    0x08000280   0x08000280   0x00000020   Code   RO         2219    .text               mc_w.l(llushr.o)
    0x080002a0   0x080002a0   0x00000024   Code   RO         2221    .text               mc_w.l(init.o)
    0x080002c4   0x080002c4   0x00000060   Code   RO         1985    i.BSP_LED_Init      stm32746g_discovery.o
    0x08000324   0x08000324   0x00000024   Code   RO         1986    i.BSP_LED_Off       stm32746g_discovery.o
    0x08000348   0x08000348   0x00000024   Code   RO         1987    i.BSP_LED_On        stm32746g_discovery.o
    0x0800036c   0x0800036c   0x00000020   Code   RO         1988    i.BSP_LED_Toggle    stm32746g_discovery.o
    0x0800038c   0x0800038c   0x000000ec   Code   RO         1991    i.BSP_PB_Init       stm32746g_discovery.o
    0x08000478   0x08000478   0x00000024   Code   RO            4    i.Buffercmp         main.o
    0x0800049c   0x0800049c   0x00000004   Code   RO          193    i.BusFault_Handler  stm32f7xx_it.o
    0x080004a0   0x080004a0   0x0000000c   Code   RO            5    i.CPU_CACHE_Enable  main.o
    0x080004ac   0x080004ac   0x00000002   Code   RO          194    i.DebugMon_Handler  stm32f7xx_it.o
    0x080004ae   0x080004ae   0x0000000c   Code   RO          195    i.EXTI15_10_IRQHandler  stm32f7xx_it.o
    0x080004ba   0x080004ba   0x00000018   Code   RO            6    i.Error_Handler     main.o
    0x080004d2   0x080004d2   0x00000028   Code   RO         1033    i.HAL_DMA_Abort_IT  stm32f7xx_hal_dma.o
    0x080004fa   0x080004fa   0x00000002   PAD
    0x080004fc   0x080004fc   0x00000028   Code   RO          693    i.HAL_Delay         stm32f7xx_hal.o
    0x08000524   0x08000524   0x00000180   Code   RO          616    i.HAL_GPIO_DeInit   stm32f7xx_hal_gpio.o
    0x080006a4   0x080006a4   0x00000014   Code   RO            7    i.HAL_GPIO_EXTI_Callback  main.o
    0x080006b8   0x080006b8   0x0000001c   Code   RO          618    i.HAL_GPIO_EXTI_IRQHandler  stm32f7xx_hal_gpio.o
    0x080006d4   0x080006d4   0x00000218   Code   RO          619    i.HAL_GPIO_Init     stm32f7xx_hal_gpio.o
    0x080008ec   0x080008ec   0x00000008   Code   RO          622    i.HAL_GPIO_TogglePin  stm32f7xx_hal_gpio.o
    0x080008f4   0x080008f4   0x0000000c   Code   RO          623    i.HAL_GPIO_WritePin  stm32f7xx_hal_gpio.o
    0x08000900   0x08000900   0x0000000c   Code   RO          701    i.HAL_GetTick       stm32f7xx_hal.o
    0x0800090c   0x0800090c   0x00000018   Code   RO          707    i.HAL_IncTick       stm32f7xx_hal.o
    0x08000924   0x08000924   0x00000030   Code   RO          708    i.HAL_Init          stm32f7xx_hal.o
    0x08000954   0x08000954   0x0000004c   Code   RO          709    i.HAL_InitTick      stm32f7xx_hal.o
    0x080009a0   0x080009a0   0x00000002   Code   RO          711    i.HAL_MspInit       stm32f7xx_hal.o
    0x080009a2   0x080009a2   0x00000002   PAD
    0x080009a4   0x080009a4   0x00000044   Code   RO          889    i.HAL_NVIC_DisableIRQ  stm32f7xx_hal_cortex.o
    0x080009e8   0x080009e8   0x00000020   Code   RO          890    i.HAL_NVIC_EnableIRQ  stm32f7xx_hal_cortex.o
    0x08000a08   0x08000a08   0x0000007c   Code   RO          896    i.HAL_NVIC_SetPriority  stm32f7xx_hal_cortex.o
    0x08000a84   0x08000a84   0x00000028   Code   RO          897    i.HAL_NVIC_SetPriorityGrouping  stm32f7xx_hal_cortex.o
    0x08000aac   0x08000aac   0x00000090   Code   RO         1739    i.HAL_PWREx_EnableOverDrive  stm32f7xx_hal_pwr_ex.o
    0x08000b3c   0x08000b3c   0x00000190   Code   RO         1830    i.HAL_RCC_ClockConfig  stm32f7xx_hal_rcc.o
    0x08000ccc   0x08000ccc   0x0000000c   Code   RO         1835    i.HAL_RCC_GetHCLKFreq  stm32f7xx_hal_rcc.o
    0x08000cd8   0x08000cd8   0x00000020   Code   RO         1837    i.HAL_RCC_GetPCLK1Freq  stm32f7xx_hal_rcc.o
    0x08000cf8   0x08000cf8   0x00000020   Code   RO         1838    i.HAL_RCC_GetPCLK2Freq  stm32f7xx_hal_rcc.o
    0x08000d18   0x08000d18   0x000000b0   Code   RO         1839    i.HAL_RCC_GetSysClockFreq  stm32f7xx_hal_rcc.o
    0x08000dc8   0x08000dc8   0x000004b4   Code   RO         1842    i.HAL_RCC_OscConfig  stm32f7xx_hal_rcc.o
    0x0800127c   0x0800127c   0x00000034   Code   RO          901    i.HAL_SYSTICK_Config  stm32f7xx_hal_cortex.o
    0x080012b0   0x080012b0   0x00000048   Code   RO          337    i.HAL_UART_DeInit   stm32f7xx_hal_uart.o
    0x080012f8   0x080012f8   0x00000004   Code   RO            8    i.HAL_UART_ErrorCallback  main.o
    0x080012fc   0x080012fc   0x00000160   Code   RO          341    i.HAL_UART_IRQHandler  stm32f7xx_hal_uart.o
    0x0800145c   0x0800145c   0x00000078   Code   RO          342    i.HAL_UART_Init     stm32f7xx_hal_uart.o
    0x080014d4   0x080014d4   0x00000040   Code   RO          289    i.HAL_UART_MspDeInit  stm32f7xx_hal_msp.o
    0x08001514   0x08001514   0x000000a8   Code   RO          290    i.HAL_UART_MspInit  stm32f7xx_hal_msp.o
    0x080015bc   0x080015bc   0x000000bc   Code   RO          347    i.HAL_UART_Receive_IT  stm32f7xx_hal_uart.o
    0x08001678   0x08001678   0x0000000c   Code   RO            9    i.HAL_UART_RxCpltCallback  main.o
    0x08001684   0x08001684   0x0000005a   Code   RO          352    i.HAL_UART_Transmit_IT  stm32f7xx_hal_uart.o
    0x080016de   0x080016de   0x00000002   PAD
    0x080016e0   0x080016e0   0x0000000c   Code   RO           10    i.HAL_UART_TxCpltCallback  main.o
    0x080016ec   0x080016ec   0x00000004   Code   RO          196    i.HardFault_Handler  stm32f7xx_it.o
    0x080016f0   0x080016f0   0x00000004   Code   RO          197    i.MemManage_Handler  stm32f7xx_it.o
    0x080016f4   0x080016f4   0x00000002   Code   RO          198    i.NMI_Handler       stm32f7xx_it.o
    0x080016f6   0x080016f6   0x00000002   Code   RO          199    i.PendSV_Handler    stm32f7xx_it.o
    0x080016f8   0x080016f8   0x0000009c   Code   RO           11    i.SCB_EnableDCache  main.o
    0x08001794   0x08001794   0x0000007c   Code   RO           12    i.SCB_EnableICache  main.o
    0x08001810   0x08001810   0x00000002   Code   RO          200    i.SVC_Handler       stm32f7xx_it.o
    0x08001812   0x08001812   0x00000008   Code   RO          201    i.SysTick_Handler   stm32f7xx_it.o
    0x0800181a   0x0800181a   0x0000006e   Code   RO           13    i.SystemClock_Config  main.o
    0x08001888   0x08001888   0x00000064   Code   RO         1936    i.SystemInit        system_stm32f7xx.o
    0x080018ec   0x080018ec   0x000000ea   Code   RO          355    i.UART_AdvFeatureConfig  stm32f7xx_hal_uart.o
    0x080019d6   0x080019d6   0x0000004e   Code   RO          356    i.UART_CheckIdleState  stm32f7xx_hal_uart.o
    0x08001a24   0x08001a24   0x00000018   Code   RO          357    i.UART_DMAAbortOnError  stm32f7xx_hal_uart.o
    0x08001a3c   0x08001a3c   0x00000020   Code   RO          363    i.UART_EndRxTransfer  stm32f7xx_hal_uart.o
    0x08001a5c   0x08001a5c   0x00000020   Code   RO          364    i.UART_EndTransmit_IT  stm32f7xx_hal_uart.o
    0x08001a7c   0x08001a7c   0x00000088   Code   RO          366    i.UART_Receive_IT   stm32f7xx_hal_uart.o
    0x08001b04   0x08001b04   0x0000038c   Code   RO          367    i.UART_SetConfig    stm32f7xx_hal_uart.o
    0x08001e90   0x08001e90   0x0000006a   Code   RO          368    i.UART_Transmit_IT  stm32f7xx_hal_uart.o
    0x08001efa   0x08001efa   0x0000006c   Code   RO          369    i.UART_WaitOnFlagUntilTimeout  stm32f7xx_hal_uart.o
    0x08001f66   0x08001f66   0x00000002   PAD
    0x08001f68   0x08001f68   0x00000010   Code   RO          202    i.USART1_IRQHandler  stm32f7xx_it.o
    0x08001f78   0x08001f78   0x00000004   Code   RO          203    i.UsageFault_Handler  stm32f7xx_it.o
    0x08001f7c   0x08001f7c   0x00000010   Code   RO          903    i.__NVIC_GetPriorityGrouping  stm32f7xx_hal_cortex.o
    0x08001f8c   0x08001f8c   0x00000028   Code   RO          904    i.__NVIC_SetPriority  stm32f7xx_hal_cortex.o
    0x08001fb4   0x08001fb4   0x0000000e   Code   RO         2225    i.__scatterload_copy  mc_w.l(handlers.o)
    0x08001fc2   0x08001fc2   0x00000002   Code   RO         2226    i.__scatterload_null  mc_w.l(handlers.o)
    0x08001fc4   0x08001fc4   0x0000000e   Code   RO         2227    i.__scatterload_zeroinit  mc_w.l(handlers.o)
    0x08001fd2   0x08001fd2   0x00000002   PAD
    0x08001fd4   0x08001fd4   0x000000e4   Code   RO           14    i.main              main.o
    0x080020b8   0x080020b8   0x00000018   Data   RO         1937    .constdata          system_stm32f7xx.o
    0x080020d0   0x080020d0   0x00000018   Data   RO         2011    .constdata          stm32746g_discovery.o
    0x080020e8   0x080020e8   0x00000020   Data   RO         2223    Region$$Table       anon$$obj.o


    Execution Region RW_IRAM1 (Exec base: 0x20000000, Load base: 0x08002108, Size: 0x000004c0, Max: 0x00050000, ABSOLUTE)

    Exec Addr    Load Addr    Size         Type   Attr      Idx    E Section Name        Object

    0x20000000   0x08002108   0x00000018   Data   RW           16    .data               main.o
    0x20000018   0x08002120   0x00000009   Data   RW          715    .data               stm32f7xx_hal.o
    0x20000021   0x08002129   0x00000003   PAD
    0x20000024   0x0800212c   0x00000004   Data   RW         1938    .data               system_stm32f7xx.o
    0x20000028   0x08002130   0x00000018   Data   RW         2012    .data               stm32746g_discovery.o
    0x20000040        -       0x0000007f   Zero   RW           15    .bss                main.o
    0x200000bf   0x08002148   0x00000001   PAD
    0x200000c0        -       0x00000400   Zero   RW          183    STACK               startup_stm32f746xx.o


==============================================================================

Image component sizes


      Code (inc. data)   RO Data    RW Data    ZI Data      Debug   Object Name

       738         56          0         24        127     837497   main.o
        36          8        456          0       1024        864   startup_stm32f746xx.o
       436         66         24         24          0       5643   stm32746g_discovery.o
       202         34          0          9          0       5051   stm32f7xx_hal.o
       372         28          0          0          0      40777   stm32f7xx_hal_cortex.o
        40          0          0          0          0       1379   stm32f7xx_hal_dma.o
       968        104          0          0          0       5038   stm32f7xx_hal_gpio.o
       232         26          0          0          0       1848   stm32f7xx_hal_msp.o
       144          8          0          0          0       1516   stm32f7xx_hal_pwr_ex.o
      1856         70          0          0          0       6048   stm32f7xx_hal_rcc.o
      2480         54          0          0          0      12082   stm32f7xx_hal_uart.o
        60          6          0          0          0       5589   stm32f7xx_it.o
       100         18         24          4          0       1455   system_stm32f7xx.o

    ----------------------------------------------------------------------
      7672        478        536         64       1152     924787   Object Totals
         0          0         32          0          0          0   (incl. Generated)
         8          0          0          3          1          0   (incl. Padding)

    ----------------------------------------------------------------------

      Code (inc. data)   RO Data    RW Data    ZI Data      Debug   Library Member Name

         0          0          0          0          0          0   entry.o
         0          0          0          0          0          0   entry10a.o
         0          0          0          0          0          0   entry11a.o
         8          4          0          0          0          0   entry2.o
         4          0          0          0          0          0   entry5.o
         0          0          0          0          0          0   entry7b.o
         0          0          0          0          0          0   entry8b.o
         8          4          0          0          0          0   entry9a.o
        30          0          0          0          0          0   handlers.o
        36          8          0          0          0         68   init.o
        30          0          0          0          0         68   llshl.o
        32          0          0          0          0         68   llushr.o
        98          0          0          0          0         92   uldiv.o

    ----------------------------------------------------------------------
       248         16          0          0          0        296   Library Totals
         2          0          0          0          0          0   (incl. Padding)

    ----------------------------------------------------------------------

      Code (inc. data)   RO Data    RW Data    ZI Data      Debug   Library Name

       246         16          0          0          0        296   mc_w.l

    ----------------------------------------------------------------------
       248         16          0          0          0        296   Library Totals

    ----------------------------------------------------------------------

==============================================================================


      Code (inc. data)   RO Data    RW Data    ZI Data      Debug   

      7920        494        536         64       1152     918835   Grand Totals
      7920        494        536         64       1152     918835   ELF Image Totals
      7920        494        536         64          0          0   ROM Totals

==============================================================================

    Total RO  Size (Code + RO Data)                 8456 (   8.26kB)
    Total RW  Size (RW Data + ZI Data)              1216 (   1.19kB)
    Total ROM Size (Code + RO Data + RW Data)       8520 (   8.32kB)

==============================================================================

